Archive member included to satisfy reference by file (symbol)

C:/ST/STM32CubeIDE_1.19.0/STM32CubeIDE/plugins/com.st.stm32cube.ide.mcu.externaltools.gnu-tools-for-stm32.13.3.rel1.win32_1.0.100.202509120712/tools/bin/../lib/gcc/arm-none-eabi/13.3.1/../../../../arm-none-eabi/lib/thumb/v6-m/nofp\libc_nano.a(libc_a-exit.o)
                              C:/ST/STM32CubeIDE_1.19.0/STM32CubeIDE/plugins/com.st.stm32cube.ide.mcu.externaltools.gnu-tools-for-stm32.13.3.rel1.win32_1.0.100.202509120712/tools/bin/../lib/gcc/arm-none-eabi/13.3.1/../../../../arm-none-eabi/lib/thumb/v6-m/nofp/crt0.o (exit)
C:/ST/STM32CubeIDE_1.19.0/STM32CubeIDE/plugins/com.st.stm32cube.ide.mcu.externaltools.gnu-tools-for-stm32.13.3.rel1.win32_1.0.100.202509120712/tools/bin/../lib/gcc/arm-none-eabi/13.3.1/../../../../arm-none-eabi/lib/thumb/v6-m/nofp\libc_nano.a(libc_a-findfp.o)
                              C:/ST/STM32CubeIDE_1.19.0/STM32CubeIDE/plugins/com.st.stm32cube.ide.mcu.externaltools.gnu-tools-for-stm32.13.3.rel1.win32_1.0.100.202509120712/tools/bin/../lib/gcc/arm-none-eabi/13.3.1/../../../../arm-none-eabi/lib/thumb/v6-m/nofp\libc_nano.a(libc_a-exit.o) (__stdio_exit_handler)
C:/ST/STM32CubeIDE_1.19.0/STM32CubeIDE/plugins/com.st.stm32cube.ide.mcu.externaltools.gnu-tools-for-stm32.13.3.rel1.win32_1.0.100.202509120712/tools/bin/../lib/gcc/arm-none-eabi/13.3.1/../../../../arm-none-eabi/lib/thumb/v6-m/nofp\libc_nano.a(libc_a-fwalk.o)
                              C:/ST/STM32CubeIDE_1.19.0/STM32CubeIDE/plugins/com.st.stm32cube.ide.mcu.externaltools.gnu-tools-for-stm32.13.3.rel1.win32_1.0.100.202509120712/tools/bin/../lib/gcc/arm-none-eabi/13.3.1/../../../../arm-none-eabi/lib/thumb/v6-m/nofp\libc_nano.a(libc_a-findfp.o) (_fwalk_sglue)
C:/ST/STM32CubeIDE_1.19.0/STM32CubeIDE/plugins/com.st.stm32cube.ide.mcu.externaltools.gnu-tools-for-stm32.13.3.rel1.win32_1.0.100.202509120712/tools/bin/../lib/gcc/arm-none-eabi/13.3.1/../../../../arm-none-eabi/lib/thumb/v6-m/nofp\libc_nano.a(libc_a-stdio.o)
                              C:/ST/STM32CubeIDE_1.19.0/STM32CubeIDE/plugins/com.st.stm32cube.ide.mcu.externaltools.gnu-tools-for-stm32.13.3.rel1.win32_1.0.100.202509120712/tools/bin/../lib/gcc/arm-none-eabi/13.3.1/../../../../arm-none-eabi/lib/thumb/v6-m/nofp\libc_nano.a(libc_a-findfp.o) (__sread)
C:/ST/STM32CubeIDE_1.19.0/STM32CubeIDE/plugins/com.st.stm32cube.ide.mcu.externaltools.gnu-tools-for-stm32.13.3.rel1.win32_1.0.100.202509120712/tools/bin/../lib/gcc/arm-none-eabi/13.3.1/../../../../arm-none-eabi/lib/thumb/v6-m/nofp\libc_nano.a(libc_a-memset.o)
                              C:/ST/STM32CubeIDE_1.19.0/STM32CubeIDE/plugins/com.st.stm32cube.ide.mcu.externaltools.gnu-tools-for-stm32.13.3.rel1.win32_1.0.100.202509120712/tools/bin/../lib/gcc/arm-none-eabi/13.3.1/../../../../arm-none-eabi/lib/thumb/v6-m/nofp/crt0.o (memset)
C:/ST/STM32CubeIDE_1.19.0/STM32CubeIDE/plugins/com.st.stm32cube.ide.mcu.externaltools.gnu-tools-for-stm32.13.3.rel1.win32_1.0.100.202509120712/tools/bin/../lib/gcc/arm-none-eabi/13.3.1/../../../../arm-none-eabi/lib/thumb/v6-m/nofp\libc_nano.a(libc_a-closer.o)
                              C:/ST/STM32CubeIDE_1.19.0/STM32CubeIDE/plugins/com.st.stm32cube.ide.mcu.externaltools.gnu-tools-for-stm32.13.3.rel1.win32_1.0.100.202509120712/tools/bin/../lib/gcc/arm-none-eabi/13.3.1/../../../../arm-none-eabi/lib/thumb/v6-m/nofp\libc_nano.a(libc_a-stdio.o) (_close_r)
C:/ST/STM32CubeIDE_1.19.0/STM32CubeIDE/plugins/com.st.stm32cube.ide.mcu.externaltools.gnu-tools-for-stm32.13.3.rel1.win32_1.0.100.202509120712/tools/bin/../lib/gcc/arm-none-eabi/13.3.1/../../../../arm-none-eabi/lib/thumb/v6-m/nofp\libc_nano.a(libc_a-reent.o)
                              C:/ST/STM32CubeIDE_1.19.0/STM32CubeIDE/plugins/com.st.stm32cube.ide.mcu.externaltools.gnu-tools-for-stm32.13.3.rel1.win32_1.0.100.202509120712/tools/bin/../lib/gcc/arm-none-eabi/13.3.1/../../../../arm-none-eabi/lib/thumb/v6-m/nofp\libc_nano.a(libc_a-closer.o) (errno)
C:/ST/STM32CubeIDE_1.19.0/STM32CubeIDE/plugins/com.st.stm32cube.ide.mcu.externaltools.gnu-tools-for-stm32.13.3.rel1.win32_1.0.100.202509120712/tools/bin/../lib/gcc/arm-none-eabi/13.3.1/../../../../arm-none-eabi/lib/thumb/v6-m/nofp\libc_nano.a(libc_a-impure.o)
                              C:/ST/STM32CubeIDE_1.19.0/STM32CubeIDE/plugins/com.st.stm32cube.ide.mcu.externaltools.gnu-tools-for-stm32.13.3.rel1.win32_1.0.100.202509120712/tools/bin/../lib/gcc/arm-none-eabi/13.3.1/../../../../arm-none-eabi/lib/thumb/v6-m/nofp\libc_nano.a(libc_a-reent.o) (_impure_ptr)
C:/ST/STM32CubeIDE_1.19.0/STM32CubeIDE/plugins/com.st.stm32cube.ide.mcu.externaltools.gnu-tools-for-stm32.13.3.rel1.win32_1.0.100.202509120712/tools/bin/../lib/gcc/arm-none-eabi/13.3.1/../../../../arm-none-eabi/lib/thumb/v6-m/nofp\libc_nano.a(libc_a-lseekr.o)
[...]
Memory Configuration

Name             Origin             Length             Attributes
RAM              0x20000000         0x00001800         xrw
FLASH            0x08000000         0x00004000         xr
*default*        0x00000000         0xffffffff

Linker script and memory map

LOAD C:/ST/STM32CubeIDE_1.19.0/STM32CubeIDE/plugins/com.st.stm32cube.ide.mcu.externaltools.gnu-tools-for-stm32.13.3.rel1.win32_1.0.100.202509120712/tools/bin/../lib/gcc/arm-none-eabi/13.3.1/thumb/v6-m/nofp/crti.o
LOAD C:/ST/STM32CubeIDE_1.19.0/STM32CubeIDE/plugins/com.st.stm32cube.ide.mcu.externaltools.gnu-tools-for-stm32.13.3.rel1.win32_1.0.100.202509120712/tools/bin/../lib/gcc/arm-none-eabi/13.3.1/thumb/v6-m/nofp/crtbegin.o
LOAD C:/ST/STM32CubeIDE_1.19.0/STM32CubeIDE/plugins/com.st.stm32cube.ide.mcu.externaltools.gnu-tools-for-stm32.13.3.rel1.win32_1.0.100.202509120712/tools/bin/../lib/gcc/arm-none-eabi/13.3.1/../../../../arm-none-eabi/lib/thumb/v6-m/nofp/crt0.o
LOAD ./Core/Src/gpio.o
LOAD ./Core/Src/main.o
LOAD ./Core/Src/spi.o
LOAD ./Core/Src/spi_flash.o
LOAD ./Core/Src/stm32c0xx_it.o
LOAD ./Core/Src/syscalls.o
LOAD ./Core/Src/sysmem.o
LOAD ./Core/Src/system.o
LOAD ./Core/Src/system_stm32c0xx.o
LOAD ./Core/Src/tim.o
LOAD ./Core/Startup/startup_stm32c011f4px.o
LOAD ./Drivers/STM32C0xx_HAL_Driver/Src/stm32c0xx_ll_dma.o
LOAD ./Drivers/STM32C0xx_HAL_Driver/Src/stm32c0xx_ll_exti.o
LOAD ./Drivers/STM32C0xx_HAL_Driver/Src/stm32c0xx_ll_gpio.o
LOAD ./Drivers/STM32C0xx_HAL_Driver/Src/stm32c0xx_ll_pwr.o
LOAD ./Drivers/STM32C0xx_HAL_Driver/Src/stm32c0xx_ll_rcc.o
LOAD ./Drivers/STM32C0xx_HAL_Driver/Src/stm32c0xx_ll_spi.o
LOAD ./Drivers/STM32C0xx_HAL_Driver/Src/stm32c0xx_ll_tim.o
LOAD ./Drivers/STM32C0xx_HAL_Driver/Src/stm32c0xx_ll_utils.o
START GROUP
LOAD C:/ST/STM32CubeIDE_1.19.0/STM32CubeIDE/plugins/com.st.stm32cube.ide.mcu.externaltools.gnu-tools-for-stm32.13.3.rel1.win32_1.0.100.202509120712/tools/bin/../lib/gcc/arm-none-eabi/13.3.1/../../../../arm-none-eabi/lib/thumb/v6-m/nofp\libc_nano.a
LOAD C:/ST/STM32CubeIDE_1.19.0/STM32CubeIDE/plugins/com.st.stm32cube.ide.mcu.externaltools.gnu-tools-for-stm32.13.3.rel1.win32_1.0.100.202509120712/tools/bin/../lib/gcc/arm-none-eabi/13.3.1/../../../../arm-none-eabi/lib/thumb/v6-m/nofp\libm.a
END GROUP
START GROUP
LOAD C:/ST/STM32CubeIDE_1.19.0/STM32CubeIDE/plugins/com.st.stm32cube.ide.mcu.externaltools.gnu-tools-for-stm32.13.3.rel1.win32_1.0.100.202509120712/tools/bin/../lib/gcc/arm-none-eabi/13.3.1/thumb/v6-m/nofp\libgcc.a
LOAD C:/ST/STM32CubeIDE_1.19.0/STM32CubeIDE/plugins/com.st.stm32cube.ide.mcu.externaltools.gnu-tools-for-stm32.13.3.rel1.win32_1.0.100.202509120712/tools/bin/../lib/gcc/arm-none-eabi/13.3.1/../../../../arm-none-eabi/lib/thumb/v6-m/nofp\libc_nano.a
END GROUP
START GROUP
LOAD C:/ST/STM32CubeIDE_1.19.0/STM32CubeIDE/plugins/com.st.stm32cube.ide.mcu.externaltools.gnu-tools-for-stm32.13.3.rel1.win32_1.0.100.202509120712/tools/bin/../lib/gcc/arm-none-eabi/13.3.1/thumb/v6-m/nofp\libgcc.a
LOAD C:/ST/STM32CubeIDE_1.19.0/STM32CubeIDE/plugins/com.st.stm32cube.ide.mcu.externaltools.gnu-tools-for-stm32.13.3.rel1.win32_1.0.100.202509120712/tools/bin/../lib/gcc/arm-none-eabi/13.3.1/../../../../arm-none-eabi/lib/thumb/v6-m/nofp\libc_nano.a
LOAD C:/ST/STM32CubeIDE_1.19.0/STM32CubeIDE/plugins/com.st.stm32cube.ide.mcu.externaltools.gnu-tools-for-stm32.13.3.rel1.win32_1.0.100.202509120712/tools/bin/../lib/gcc/arm-none-eabi/13.3.1/../../../../arm-none-eabi/lib/thumb/v6-m/nofp\libnosys.a
END GROUP
START GROUP
LOAD C:/ST/STM32CubeIDE_1.19.0/STM32CubeIDE/plugins/com.st.stm32cube.ide.mcu.externaltools.gnu-tools-for-stm32.13.3.rel1.win32_1.0.100.202509120712/tools/bin/../lib/gcc/arm-none-eabi/13.3.1/thumb/v6-m/nofp\libgcc.a
LOAD C:/ST/STM32CubeIDE_1.19.0/STM32CubeIDE/plugins/com.st.stm32cube.ide.mcu.externaltools.gnu-tools-for-stm32.13.3.rel1.win32_1.0.100.202509120712/tools/bin/../lib/gcc/arm-none-eabi/13.3.1/../../../../arm-none-eabi/lib/thumb/v6-m/nofp\libc_nano.a
LOAD C:/ST/STM32CubeIDE_1.19.0/STM32CubeIDE/plugins/com.st.stm32cube.ide.mcu.externaltools.gnu-tools-for-stm32.13.3.rel1.win32_1.0.100.202509120712/tools/bin/../lib/gcc/arm-none-eabi/13.3.1/../../../../arm-none-eabi/lib/thumb/v6-m/nofp\libnosys.a
END GROUP
LOAD C:/ST/STM32CubeIDE_1.19.0/STM32CubeIDE/plugins/com.st.stm32cube.ide.mcu.externaltools.gnu-tools-for-stm32.13.3.rel1.win32_1.0.100.202509120712/tools/bin/../lib/gcc/arm-none-eabi/13.3.1/thumb/v6-m/nofp/crtend.o
LOAD C:/ST/STM32CubeIDE_1.19.0/STM32CubeIDE/plugins/com.st.stm32cube.ide.mcu.externaltools.gnu-tools-for-stm32.13.3.rel1.win32_1.0.100.202509120712/tools/bin/../lib/gcc/arm-none-eabi/13.3.1/thumb/v6-m/nofp/crtn.o
                0x20001800                        _estack = (ORIGIN (RAM) + LENGTH (RAM))
                0x00000200                        _Min_Heap_Size = 0x200
                0x00000400                        _Min_Stack_Size = 0x400

.isr_vector     0x08000000       0xc0
                0x08000000                        . = ALIGN (0x4)
 *(.isr_vector)
 .isr_vector    0x08000000       0xc0 ./Core/Startup/startup_stm32c011f4px.o
                0x08000000                g_pfnVectors
                0x080000c0                        . = ALIGN (0x4)

.text           0x080000c0     0x2d84
                0x080000c0                        . = ALIGN (0x4)
 *(.text)
 .text          0x080000c0       0x48 C:/ST/STM32CubeIDE_1.19.0/STM32CubeIDE/plugins/com.st.stm32cube.ide.mcu.externaltools.gnu-tools-for-stm32.13.3.rel1.win32_1.0.100.202509120712/tools/bin/../lib/gcc/arm-none-eabi/13.3.1/thumb/v6-m/nofp/crtbegin.o
 .text          0x08000108      0x114 C:/ST/STM32CubeIDE_1.19.0/STM32CubeIDE/plugins/com.st.stm32cube.ide.mcu.externaltools.gnu-tools-for-stm32.13.3.rel1.win32_1.0.100.202509120712/tools/bin/../lib/gcc/arm-none-eabi/13.3.1/thumb/v6-m/nofp\libgcc.a(_udivsi3.o)
                0x08000108                __aeabi_uidiv
                0x08000108                __udivsi3
                0x08000214                __aeabi_uidivmod
 .text          0x0800021c        0x4 C:/ST/STM32CubeIDE_1.19.0/STM32CubeIDE/plugins/com.st.stm32cube.ide.mcu.externaltools.gnu-tools-for-stm32.13.3.rel1.win32_1.0.100.202509120712/tools/bin/../lib/gcc/arm-none-eabi/13.3.1/thumb/v6-m/nofp\libgcc.a(_dvmd_tls.o)
                0x0800021c                __aeabi_idiv0
                0x0800021c                __aeabi_ldiv0
 *(.text*)
 .text.__NVIC_EnableIRQ
                0x08000220       0x34 ./Core/Src/gpio.o
 .text.__NVIC_SetPriority
                0x08000254       0xdc ./Core/Src/gpio.o
 .text.LL_IOP_GRP1_EnableClock
                0x08000330       0x2c ./Core/Src/gpio.o
 .text.LL_EXTI_SetEXTISource
                0x0800035c       0x4c ./Core/Src/gpio.o
 .text.LL_GPIO_SetPinMode
                0x080003a8       0x38 ./Core/Src/gpio.o
 .text.LL_GPIO_SetPinPull
                0x080003e0       0x38 ./Core/Src/gpio.o
 .text.LL_GPIO_ResetOutputPin
                0x08000418       0x18 ./Core/Src/gpio.o
 .text.MX_GPIO_Init
                0x08000430      0x1d4 ./Core/Src/gpio.o
                0x08000430                MX_GPIO_Init
 .text.__NVIC_SetPriority
                0x08000604       0xdc ./Core/Src/main.o
 .text.LL_RCC_HSI_Enable
                0x080006e0       0x1c ./Core/Src/main.o
 .text.LL_RCC_HSI_IsReady
                0x080006fc       0x28 ./Core/Src/main.o
 .text.LL_RCC_HSI_SetCalibTrimming
                0x08000724       0x2c ./Core/Src/main.o
 .text.LL_RCC_SetSysClkSource
                0x08000750       0x28 ./Core/Src/main.o
 .text.LL_RCC_GetSysClkSource
                0x08000778       0x18 ./Core/Src/main.o
 .text.LL_RCC_SetAHBPrescaler
                0x08000790       0x2c ./Core/Src/main.o
 .text.LL_RCC_SetAPB1Prescaler
                0x080007bc       0x2c ./Core/Src/main.o
 .text.LL_RCC_SetHSIDiv
                0x080007e8       0x2c ./Core/Src/main.o
 .text.LL_APB1_GRP1_EnableClock
                0x08000814       0x2c ./Core/Src/main.o
 .text.LL_APB1_GRP2_EnableClock
                0x08000840       0x2c ./Core/Src/main.o
 .text.LL_FLASH_SetLatency
                0x0800086c       0x28 ./Core/Src/main.o
 .text.LL_GPIO_SetOutputPin
                0x08000894       0x18 ./Core/Src/main.o
 .text.main     0x080008ac       0x4c ./Core/Src/main.o
                0x080008ac                main
 .text.SystemClock_Config
                0x080008f8       0x5c ./Core/Src/main.o
                0x080008f8                SystemClock_Config
 .text.__NVIC_EnableIRQ
                0x08000954       0x34 ./Core/Src/spi.o
 .text.__NVIC_SetPriority
                0x08000988       0xdc ./Core/Src/spi.o
 .text.LL_RCC_SetI2SClockSource
                0x08000a64       0x2c ./Core/Src/spi.o
 .text.LL_APB1_GRP2_EnableClock
                0x08000a90       0x2c ./Core/Src/spi.o
 .text.LL_IOP_GRP1_EnableClock
                0x08000abc       0x2c ./Core/Src/spi.o
 .text.LL_SPI_SetStandard
                0x08000ae8       0x24 ./Core/Src/spi.o
 .text.LL_SPI_SetRxFIFOThreshold
                0x08000b0c       0x28 ./Core/Src/spi.o
 .text.LL_SPI_DisableNSSPulseMgt
                0x08000b34       0x1e ./Core/Src/spi.o
 *fill*         0x08000b52        0x2 
 .text.MX_SPI1_Init
                0x08000b54      0x15c ./Core/Src/spi.o
                0x08000b54                MX_SPI1_Init
 .text.LL_SPI_Enable
                0x08000cb0       0x1c ./Core/Src/spi_flash.o
 .text.LL_SPI_Disable
                0x08000ccc       0x1e ./Core/Src/spi_flash.o
 .text.LL_SPI_IsActiveFlag_RXNE
                0x08000cea       0x22 ./Core/Src/spi_flash.o
 .text.LL_SPI_IsActiveFlag_TXE
                0x08000d0c       0x22 ./Core/Src/spi_flash.o
 .text.LL_SPI_IsActiveFlag_BSY
                0x08000d2e       0x22 ./Core/Src/spi_flash.o
 .text.LL_SPI_GetRxFIFOLevel
                0x08000d50       0x1a ./Core/Src/spi_flash.o
 .text.LL_SPI_GetTxFIFOLevel
                0x08000d6a       0x1a ./Core/Src/spi_flash.o
 .text.LL_SPI_ClearFlag_OVR
                0x08000d84       0x20 ./Core/Src/spi_flash.o
 .text.LL_SPI_EnableIT_RXNE
                0x08000da4       0x1c ./Core/Src/spi_flash.o
 .text.LL_SPI_EnableIT_TXE
                0x08000dc0       0x1c ./Core/Src/spi_flash.o
 .text.LL_SPI_DisableIT_RXNE
                0x08000ddc       0x1e ./Core/Src/spi_flash.o
 .text.LL_SPI_DisableIT_TXE
                0x08000dfa       0x1e ./Core/Src/spi_flash.o
 .text.LL_SPI_IsEnabledIT_RXNE
                0x08000e18       0x22 ./Core/Src/spi_flash.o
 .text.LL_SPI_ReceiveData8
                0x08000e3a       0x18 ./Core/Src/spi_flash.o
 .text.LL_SPI_TransmitData8
                0x08000e52       0x24 ./Core/Src/spi_flash.o
 .text.LL_GPIO_SetOutputPin
                0x08000e76       0x18 ./Core/Src/spi_flash.o
 .text.LL_GPIO_ResetOutputPin
                0x08000e8e       0x18 ./Core/Src/spi_flash.o
 .text.SPI_Transmit_Data8
                0x08000ea6       0x84 ./Core/Src/spi_flash.o
                0x08000ea6                SPI_Transmit_Data8
 *fill*         0x08000f2a        0x2 
 .text.SPI_Read_Data_IT
                0x08000f2c       0x48 ./Core/Src/spi_flash.o
                0x08000f2c                SPI_Read_Data_IT
 .text.spi_it_transmit_callback
                0x08000f74       0xc0 ./Core/Src/spi_flash.o
                0x08000f74                spi_it_transmit_callback
 .text.spi_it_receive_callback
                0x08001034       0xa4 ./Core/Src/spi_flash.o
                0x08001034                spi_it_receive_callback
 .text.FAST_READ_IT
                0x080010d8       0x84 ./Core/Src/spi_flash.o
                0x080010d8                FAST_READ_IT
 .text.LL_EXTI_IsActiveFallingFlag_0_31
                0x0800115c       0x28 ./Core/Src/stm32c0xx_it.o
 .text.LL_EXTI_ClearFallingFlag_0_31
                0x08001184       0x1c ./Core/Src/stm32c0xx_it.o
 .text.LL_SPI_IsActiveFlag_RXNE
                0x080011a0       0x22 ./Core/Src/stm32c0xx_it.o
 .text.LL_SPI_IsActiveFlag_TXE
                0x080011c2       0x22 ./Core/Src/stm32c0xx_it.o
 .text.LL_SPI_IsEnabledIT_RXNE
                0x080011e4       0x22 ./Core/Src/stm32c0xx_it.o
 .text.LL_SPI_IsEnabledIT_TXE
                0x08001206       0x22 ./Core/Src/stm32c0xx_it.o
 .text.LL_TIM_ClearFlag_UPDATE
                0x08001228       0x18 ./Core/Src/stm32c0xx_it.o
 .text.LL_TIM_IsActiveFlag_UPDATE
                0x08001240       0x22 ./Core/Src/stm32c0xx_it.o
 .text.NMI_Handler
                0x08001262        0x8 ./Core/Src/stm32c0xx_it.o
                0x08001262                NMI_Handler
 .text.HardFault_Handler
                0x0800126a        0x8 ./Core/Src/stm32c0xx_it.o
                0x0800126a                HardFault_Handler
 .text.SVC_Handler
                0x08001272        0xa ./Core/Src/stm32c0xx_it.o
                0x08001272                SVC_Handler
 .text.PendSV_Handler
                0x0800127c        0xa ./Core/Src/stm32c0xx_it.o
                0x0800127c                PendSV_Handler
 .text.SysTick_Handler
                0x08001286        0xa ./Core/Src/stm32c0xx_it.o
                0x08001286                SysTick_Handler
 .text.EXTI4_15_IRQHandler
                0x08001290       0x46 ./Core/Src/stm32c0xx_it.o
                0x08001290                EXTI4_15_IRQHandler
 *fill*         0x080012d6        0x2 
 .text.TIM1_BRK_UP_TRG_COM_IRQHandler
                0x080012d8       0x28 ./Core/Src/stm32c0xx_it.o
                0x080012d8                TIM1_BRK_UP_TRG_COM_IRQHandler
 .text.TIM1_CC_IRQHandler
                0x08001300        0xa ./Core/Src/stm32c0xx_it.o
                0x08001300                TIM1_CC_IRQHandler
 *fill*         0x0800130a        0x2 
 .text.SPI1_IRQHandler
                0x0800130c       0x48 ./Core/Src/stm32c0xx_it.o
                0x0800130c                SPI1_IRQHandler
 .text.LL_EXTI_DisableIT_0_31
                0x08001354       0x28 ./Core/Src/system.o
 .text.LL_SPI_Enable
                0x0800137c       0x1c ./Core/Src/system.o
 .text.LL_SPI_ReceiveData8
                0x08001398       0x18 ./Core/Src/system.o
 .text.LL_TIM_EnableCounter
                0x080013b0       0x1c ./Core/Src/system.o
 .text.LL_TIM_CC_EnableChannel
                0x080013cc       0x1e ./Core/Src/system.o
 .text.LL_TIM_EnableAllOutputs
                0x080013ea       0x1e ./Core/Src/system.o
 .text.LL_TIM_ClearFlag_UPDATE
                0x08001408       0x18 ./Core/Src/system.o
 .text.LL_TIM_EnableIT_UPDATE
                0x08001420       0x1c ./Core/Src/system.o
 .text.LL_GPIO_SetOutputPin
                0x0800143c       0x18 ./Core/Src/system.o
 .text.LL_GPIO_ResetOutputPin
                0x08001454       0x18 ./Core/Src/system.o
 .text.bufferAppend
                0x0800146c       0x68 ./Core/Src/system.o
                0x0800146c                bufferAppend
 .text.bufferTake
                0x080014d4       0xa4 ./Core/Src/system.o
                0x080014d4                bufferTake
 .text.SystemBoot
                0x08001578       0xa4 ./Core/Src/system.o
                0x08001578                SystemBoot
 .text.BlinkLED
                0x0800161c       0x80 ./Core/Src/system.o
                0x0800161c                BlinkLED
 .text.PlayFile
                0x0800169c       0xf0 ./Core/Src/system.o
                0x0800169c                PlayFile
 .text.TimerRoutine
                0x0800178c       0x54 ./Core/Src/system.o
                0x0800178c                TimerRoutine
 .text.selectFileToPlay
                0x080017e0       0x74 ./Core/Src/system.o
                0x080017e0                selectFileToPlay
 .text.buffercheck
                0x08001854       0x84 ./Core/Src/system.o
                0x08001854                buffercheck
 .text.SystemInit
                0x080018d8       0x18 ./Core/Src/system_stm32c0xx.o
                0x080018d8                SystemInit
 .text.__NVIC_EnableIRQ
                0x080018f0       0x34 ./Core/Src/tim.o
 .text.__NVIC_SetPriority
                0x08001924       0xdc ./Core/Src/tim.o
 .text.LL_APB1_GRP2_EnableClock
                0x08001a00       0x2c ./Core/Src/tim.o
 .text.LL_IOP_GRP1_EnableClock
                0x08001a2c       0x2c ./Core/Src/tim.o
 .text.LL_TIM_DisableARRPreload
                0x08001a58       0x1e ./Core/Src/tim.o
 *fill*         0x08001a76        0x2 
 .text.LL_TIM_OC_DisableFast
                0x08001a78       0xb0 ./Core/Src/tim.o
 .text.LL_TIM_OC_EnablePreload
                0x08001b28       0xac ./Core/Src/tim.o
 .text.LL_TIM_SetClockSource
                0x08001bd4       0x28 ./Core/Src/tim.o
 .text.LL_TIM_SetTriggerOutput
                0x08001bfc       0x24 ./Core/Src/tim.o
 .text.LL_TIM_SetTriggerOutput2
                0x08001c20       0x28 ./Core/Src/tim.o
 .text.LL_TIM_DisableMasterSlaveMode
                0x08001c48       0x1e ./Core/Src/tim.o
 *fill*         0x08001c66        0x2 
 .text.MX_TIM1_Init
                0x08001c68      0x1c8 ./Core/Src/tim.o
                0x08001c68                MX_TIM1_Init
 .text.Reset_Handler
                0x08001e30       0x50 ./Core/Startup/startup_stm32c011f4px.o
                0x08001e30                Reset_Handler
 .text.Default_Handler
                0x08001e80        0x2 ./Core/Startup/startup_stm32c011f4px.o
                0x08001e80                I2C1_IRQHandler
                0x08001e80                DMAMUX1_IRQHandler
                0x08001e80                EXTI2_3_IRQHandler
                0x08001e80                ADC1_IRQHandler
                0x08001e80                TIM17_IRQHandler
                0x08001e80                RTC_IRQHandler
                0x08001e80                TIM16_IRQHandler
                0x08001e80                TIM3_IRQHandler
                0x08001e80                RCC_IRQHandler
                0x08001e80                DMA1_Channel1_IRQHandler
                0x08001e80                Default_Handler
                0x08001e80                TIM14_IRQHandler
                0x08001e80                EXTI0_1_IRQHandler
                0x08001e80                WWDG_IRQHandler
                0x08001e80                DMA1_Channel2_3_IRQHandler
                0x08001e80                USART2_IRQHandler
                0x08001e80                FLASH_IRQHandler
                0x08001e80                USART1_IRQHandler
 *fill*         0x08001e82        0x2 
 .text.LL_EXTI_EnableIT_0_31
                0x08001e84       0x24 ./Drivers/STM32C0xx_HAL_Driver/Src/stm32c0xx_ll_exti.o
 .text.LL_EXTI_DisableIT_0_31
                0x08001ea8       0x28 ./Drivers/STM32C0xx_HAL_Driver/Src/stm32c0xx_ll_exti.o
 .text.LL_EXTI_EnableEvent_0_31
                0x08001ed0       0x24 ./Drivers/STM32C0xx_HAL_Driver/Src/stm32c0xx_ll_exti.o
 .text.LL_EXTI_DisableEvent_0_31
                0x08001ef4       0x28 ./Drivers/STM32C0xx_HAL_Driver/Src/stm32c0xx_ll_exti.o
 .text.LL_EXTI_EnableRisingTrig_0_31
                0x08001f1c       0x20 ./Drivers/STM32C0xx_HAL_Driver/Src/stm32c0xx_ll_exti.o
 .text.LL_EXTI_DisableRisingTrig_0_31
                0x08001f3c       0x24 ./Drivers/STM32C0xx_HAL_Driver/Src/stm32c0xx_ll_exti.o
 .text.LL_EXTI_EnableFallingTrig_0_31
                0x08001f60       0x20 ./Drivers/STM32C0xx_HAL_Driver/Src/stm32c0xx_ll_exti.o
 .text.LL_EXTI_DisableFallingTrig_0_31
                0x08001f80       0x24 ./Drivers/STM32C0xx_HAL_Driver/Src/stm32c0xx_ll_exti.o
 .text.LL_EXTI_Init
                0x08001fa4      0x10e ./Drivers/STM32C0xx_HAL_Driver/Src/stm32c0xx_ll_exti.o
                0x08001fa4                LL_EXTI_Init
 .text.LL_GPIO_SetPinMode
                0x080020b2       0x38 ./Drivers/STM32C0xx_HAL_Driver/Src/stm32c0xx_ll_gpio.o
 .text.LL_GPIO_SetPinOutputType
                0x080020ea       0x2a ./Drivers/STM32C0xx_HAL_Driver/Src/stm32c0xx_ll_gpio.o
 .text.LL_GPIO_SetPinSpeed
                0x08002114       0x38 ./Drivers/STM32C0xx_HAL_Driver/Src/stm32c0xx_ll_gpio.o
 .text.LL_GPIO_SetPinPull
                0x0800214c       0x38 ./Drivers/STM32C0xx_HAL_Driver/Src/stm32c0xx_ll_gpio.o
 .text.LL_GPIO_SetAFPin_0_7
                0x08002184       0x46 ./Drivers/STM32C0xx_HAL_Driver/Src/stm32c0xx_ll_gpio.o
 .text.LL_GPIO_SetAFPin_8_15
                0x080021ca       0x5a ./Drivers/STM32C0xx_HAL_Driver/Src/stm32c0xx_ll_gpio.o
 .text.LL_GPIO_Init
                0x08002224       0xb6 ./Drivers/STM32C0xx_HAL_Driver/Src/stm32c0xx_ll_gpio.o
                0x08002224                LL_GPIO_Init
 .text.LL_SPI_IsEnabled
                0x080022da       0x22 ./Drivers/STM32C0xx_HAL_Driver/Src/stm32c0xx_ll_spi.o
 .text.LL_SPI_SetRxFIFOThreshold
                0x080022fc       0x28 ./Drivers/STM32C0xx_HAL_Driver/Src/stm32c0xx_ll_spi.o
 .text.LL_SPI_SetCRCPolynomial
                0x08002324       0x1c ./Drivers/STM32C0xx_HAL_Driver/Src/stm32c0xx_ll_spi.o
 .text.LL_SPI_Init
                0x08002340       0xd8 ./Drivers/STM32C0xx_HAL_Driver/Src/stm32c0xx_ll_spi.o
                0x08002340                LL_SPI_Init
 .text.LL_TIM_SetPrescaler
                0x08002418       0x18 ./Drivers/STM32C0xx_HAL_Driver/Src/stm32c0xx_ll_tim.o
 .text.LL_TIM_SetAutoReload
                0x08002430       0x18 ./Drivers/STM32C0xx_HAL_Driver/Src/stm32c0xx_ll_tim.o
 .text.LL_TIM_SetRepetitionCounter
                0x08002448       0x18 ./Drivers/STM32C0xx_HAL_Driver/Src/stm32c0xx_ll_tim.o
 .text.LL_TIM_OC_SetCompareCH1
                0x08002460       0x18 ./Drivers/STM32C0xx_HAL_Driver/Src/stm32c0xx_ll_tim.o
 .text.LL_TIM_OC_SetCompareCH2
                0x08002478       0x18 ./Drivers/STM32C0xx_HAL_Driver/Src/stm32c0xx_ll_tim.o
 .text.LL_TIM_OC_SetCompareCH3
                0x08002490       0x18 ./Drivers/STM32C0xx_HAL_Driver/Src/stm32c0xx_ll_tim.o
 .text.LL_TIM_OC_SetCompareCH4
                0x080024a8       0x18 ./Drivers/STM32C0xx_HAL_Driver/Src/stm32c0xx_ll_tim.o
 .text.LL_TIM_OC_SetCompareCH5
                0x080024c0       0x22 ./Drivers/STM32C0xx_HAL_Driver/Src/stm32c0xx_ll_tim.o
 .text.LL_TIM_OC_SetCompareCH6
                0x080024e2       0x18 ./Drivers/STM32C0xx_HAL_Driver/Src/stm32c0xx_ll_tim.o
 .text.LL_TIM_GenerateEvent_UPDATE
                0x080024fa       0x1c ./Drivers/STM32C0xx_HAL_Driver/Src/stm32c0xx_ll_tim.o
 *fill*         0x08002516        0x2 
 .text.LL_TIM_Init
                0x08002518       0xdc ./Drivers/STM32C0xx_HAL_Driver/Src/stm32c0xx_ll_tim.o
                0x08002518                LL_TIM_Init
 .text.LL_TIM_OC_Init
                0x080025f4      0x106 ./Drivers/STM32C0xx_HAL_Driver/Src/stm32c0xx_ll_tim.o
                0x080025f4                LL_TIM_OC_Init
 *fill*         0x080026fa        0x2 
 .text.LL_TIM_BDTR_Init
                0x080026fc      0x110 ./Drivers/STM32C0xx_HAL_Driver/Src/stm32c0xx_ll_tim.o
                0x080026fc                LL_TIM_BDTR_Init
 .text.OC1Config
                0x0800280c       0xfc ./Drivers/STM32C0xx_HAL_Driver/Src/stm32c0xx_ll_tim.o
 .text.OC2Config
                0x08002908      0x108 ./Drivers/STM32C0xx_HAL_Driver/Src/stm32c0xx_ll_tim.o
 .text.OC3Config
                0x08002a10      0x108 ./Drivers/STM32C0xx_HAL_Driver/Src/stm32c0xx_ll_tim.o
 .text.OC4Config
                0x08002b18       0xd4 ./Drivers/STM32C0xx_HAL_Driver/Src/stm32c0xx_ll_tim.o
 .text.OC5Config
                0x08002bec       0xb8 ./Drivers/STM32C0xx_HAL_Driver/Src/stm32c0xx_ll_tim.o
 .text.OC6Config
                0x08002ca4       0xc0 ./Drivers/STM32C0xx_HAL_Driver/Src/stm32c0xx_ll_tim.o
 .text.LL_InitTick
                0x08002d64       0x34 ./Drivers/STM32C0xx_HAL_Driver/Src/stm32c0xx_ll_utils.o
 .text.LL_Init1msTick
                0x08002d98       0x1e ./Drivers/STM32C0xx_HAL_Driver/Src/stm32c0xx_ll_utils.o
                0x08002d98                LL_Init1msTick
 *fill*         0x08002db6        0x2 
 .text.LL_SetSystemCoreClock
                0x08002db8       0x1c ./Drivers/STM32C0xx_HAL_Driver/Src/stm32c0xx_ll_utils.o
                0x08002db8                LL_SetSystemCoreClock
 .text.memset   0x08002dd4       0x10 C:/ST/STM32CubeIDE_1.19.0/STM32CubeIDE/plugins/com.st.stm32cube.ide.mcu.externaltools.gnu-tools-for-stm32.13.3.rel1.win32_1.0.100.202509120712/tools/bin/../lib/gcc/arm-none-eabi/13.3.1/../../../../arm-none-eabi/lib/thumb/v6-m/nofp\libc_nano.a(libc_a-memset.o)
                0x08002dd4                memset
 .text.__libc_init_array
                0x08002de4       0x48 C:/ST/STM32CubeIDE_1.19.0/STM32CubeIDE/plugins/com.st.stm32cube.ide.mcu.externaltools.gnu-tools-for-stm32.13.3.rel1.win32_1.0.100.202509120712/tools/bin/../lib/gcc/arm-none-eabi/13.3.1/../../../../arm-none-eabi/lib/thumb/v6-m/nofp\libc_nano.a(libc_a-init.o)
                0x08002de4                __libc_init_array
 *(.glue_7)
 .glue_7        0x08002e2c        0x0 linker stubs
 *(.glue_7t)
 .glue_7t       0x08002e2c        0x0 linker stubs
 *(.eh_frame)
 .eh_frame      0x08002e2c        0x0 C:/ST/STM32CubeIDE_1.19.0/STM32CubeIDE/plugins/com.st.stm32cube.ide.mcu.externaltools.gnu-tools-for-stm32.13.3.rel1.win32_1.0.100.202509120712/tools/bin/../lib/gcc/arm-none-eabi/13.3.1/thumb/v6-m/nofp/crtbegin.o
 *(.init)
 .init          0x08002e2c        0x4 C:/ST/STM32CubeIDE_1.19.0/STM32CubeIDE/plugins/com.st.stm32cube.ide.mcu.externaltools.gnu-tools-for-stm32.13.3.rel1.win32_1.0.100.202509120712/tools/bin/../lib/gcc/arm-none-eabi/13.3.1/thumb/v6-m/nofp/crti.o
                0x08002e2c                _init
 .init          0x08002e30        0x8 C:/ST/STM32CubeIDE_1.19.0/STM32CubeIDE/plugins/com.st.stm32cube.ide.mcu.externaltools.gnu-tools-for-stm32.13.3.rel1.win32_1.0.100.202509120712/tools/bin/../lib/gcc/arm-none-eabi/13.3.1/thumb/v6-m/nofp/crtn.o
 *(.fini)
 .fini          0x08002e38        0x4 C:/ST/STM32CubeIDE_1.19.0/STM32CubeIDE/plugins/com.st.stm32cube.ide.mcu.externaltools.gnu-tools-for-stm32.13.3.rel1.win32_1.0.100.202509120712/tools/bin/../lib/gcc/arm-none-eabi/13.3.1/thumb/v6-m/nofp/crti.o
                0x08002e38                _fini
 .fini          0x08002e3c        0x8 C:/ST/STM32CubeIDE_1.19.0/STM32CubeIDE/plugins/com.st.stm32cube.ide.mcu.externaltools.gnu-tools-for-stm32.13.3.rel1.win32_1.0.100.202509120712/tools/bin/../lib/gcc/arm-none-eabi/13.3.1/thumb/v6-m/nofp/crtn.o
                0x08002e44                        . = ALIGN (0x4)
                0x08002e44                        _etext = .

.vfp11_veneer   0x08002e44        0x0
 .vfp11_veneer  0x08002e44        0x0 linker stubs

.v4_bx          0x08002e44        0x0
 .v4_bx         0x08002e44        0x0 linker stubs

.iplt           0x08002e44        0x0
 .iplt          0x08002e44        0x0 C:/ST/STM32CubeIDE_1.19.0/STM32CubeIDE/plugins/com.st.stm32cube.ide.mcu.externaltools.gnu-tools-for-stm32.13.3.rel1.win32_1.0.100.202509120712/tools/bin/../lib/gcc/arm-none-eabi/13.3.1/thumb/v6-m/nofp/crtbegin.o

.rodata         0x08002e44       0x18
                0x08002e44                        . = ALIGN (0x4)
 *(.rodata)
 *(.rodata*)
 .rodata.OFFSET_TAB_CCMRx
                0x08002e44        0x9 ./Core/Src/tim.o
 *fill*         0x08002e4d        0x3 
 .rodata.SHIFT_TAB_OCxx
                0x08002e50        0x9 ./Core/Src/tim.o
                0x08002e5c                        . = ALIGN (0x4)
 *fill*         0x08002e59        0x3 

.ARM.extab      0x08002e5c        0x0
                0x08002e5c                        . = ALIGN (0x4)
 *(.ARM.extab* .gnu.linkonce.armextab.*)
                0x08002e5c                        . = ALIGN (0x4)

.ARM            0x08002e5c        0x0
                0x08002e5c                        . = ALIGN (0x4)
                0x08002e5c                        __exidx_start = .
 *(.ARM.exidx*)
                0x08002e5c                        __exidx_end = .
                0x08002e5c                        . = ALIGN (0x4)

.preinit_array  0x08002e5c        0x0
                0x08002e5c                        . = ALIGN (0x4)
                0x08002e5c                        PROVIDE (__preinit_array_start = .)
 *(.preinit_array*)
                0x08002e5c                        PROVIDE (__preinit_array_end = .)
                0x08002e5c                        . = ALIGN (0x4)

.init_array     0x08002e5c        0x4
                0x08002e5c                        . = ALIGN (0x4)
                0x08002e5c                        PROVIDE (__init_array_start = .)
 *(SORT_BY_NAME(.init_array.*))
 *(.init_array*)
 .init_array    0x08002e5c        0x4 C:/ST/STM32CubeIDE_1.19.0/STM32CubeIDE/plugins/com.st.stm32cube.ide.mcu.externaltools.gnu-tools-for-stm32.13.3.rel1.win32_1.0.100.202509120712/tools/bin/../lib/gcc/arm-none-eabi/13.3.1/thumb/v6-m/nofp/crtbegin.o
                0x08002e60                        PROVIDE (__init_array_end = .)
                0x08002e60                        . = ALIGN (0x4)

.fini_array     0x08002e60        0x4
                0x08002e60                        . = ALIGN (0x4)
                [!provide]                        PROVIDE (__fini_array_start = .)
 *(SORT_BY_NAME(.fini_array.*))
 *(.fini_array*)
 .fini_array    0x08002e60        0x4 C:/ST/STM32CubeIDE_1.19.0/STM32CubeIDE/plugins/com.st.stm32cube.ide.mcu.externaltools.gnu-tools-for-stm32.13.3.rel1.win32_1.0.100.202509120712/tools/bin/../lib/gcc/arm-none-eabi/13.3.1/thumb/v6-m/nofp/crtbegin.o
                [!provide]                        PROVIDE (__fini_array_end = .)
                0x08002e64                        . = ALIGN (0x4)
                0x08002e64                        _sidata = LOADADDR (.data)

.rel.dyn        0x08002e64        0x0
 .rel.iplt      0x08002e64        0x0 C:/ST/STM32CubeIDE_1.19.0/STM32CubeIDE/plugins/com.st.stm32cube.ide.mcu.externaltools.gnu-tools-for-stm32.13.3.rel1.win32_1.0.100.202509120712/tools/bin/../lib/gcc/arm-none-eabi/13.3.1/thumb/v6-m/nofp/crtbegin.o

.data           0x20000000       0x20 load address 0x08002e64
                0x20000000                        . = ALIGN (0x4)
                0x20000000                        _sdata = .
 *(.data)
 *(.data*)
 .data.BOOTFile
                0x20000000        0x8 ./Core/Src/system.o
 .data.CLICKFile
                0x20000008        0x8 ./Core/Src/system.o
 .data.SHOOTFile
                0x20000010        0x8 ./Core/Src/system.o
 .data.sampleRequest_Flag
                0x20000018        0x1 ./Core/Src/system.o
                0x20000018                sampleRequest_Flag
 *fill*         0x20000019        0x3 
 .data.SystemCoreClock
                0x2000001c        0x4 ./Core/Src/system_stm32c0xx.o
                0x2000001c                SystemCoreClock
 *(.RamFunc)
 *(.RamFunc*)
                0x20000020                        . = ALIGN (0x4)
                0x20000020                        _edata = .

.igot.plt       0x20000020        0x0 load address 0x08002e84
 .igot.plt      0x20000020        0x0 C:/ST/STM32CubeIDE_1.19.0/STM32CubeIDE/plugins/com.st.stm32cube.ide.mcu.externaltools.gnu-tools-for-stm32.13.3.rel1.win32_1.0.100.202509120712/tools/bin/../lib/gcc/arm-none-eabi/13.3.1/thumb/v6-m/nofp/crtbegin.o
                0x20000020                        . = ALIGN (0x4)

.bss            0x20000020      0xfe4 load address 0x08002e84
                0x20000020                        _sbss = .
                0x20000020                        __bss_start__ = _sbss
 *(.bss)
 .bss           0x20000020       0x1c C:/ST/STM32CubeIDE_1.19.0/STM32CubeIDE/plugins/com.st.stm32cube.ide.mcu.externaltools.gnu-tools-for-stm32.13.3.rel1.win32_1.0.100.202509120712/tools/bin/../lib/gcc/arm-none-eabi/13.3.1/thumb/v6-m/nofp/crtbegin.o
 *(.bss*)
 .bss.tx_buffer
                0x2000003c        0x8 ./Core/Src/spi_flash.o
 .bss.rx_buffer
                0x20000044        0x8 ./Core/Src/spi_flash.o
 .bss.currentAddr
                0x2000004c        0x4 ./Core/Src/system.o
                0x2000004c                currentAddr
 .bss.currentFileAddr
                0x20000050        0x4 ./Core/Src/system.o
                0x20000050                currentFileAddr
 .bss.currentFileLength
                0x20000054        0x4 ./Core/Src/system.o
                0x20000054                currentFileLength
 .bss.filePlayed
                0x20000058        0x1 ./Core/Src/system.o
                0x20000058                filePlayed
 *fill*         0x20000059        0x3 
 .bss.buffer    0x2000005c      0xfa4 ./Core/Src/system.o
                0x2000005c                buffer
 .bss.falsebuffer
                0x20001000        0x1 ./Core/Src/system.o
                0x20001000                falsebuffer
 .bss.PWM_repetition
                0x20001001        0x1 ./Core/Src/system.o
                0x20001001                PWM_repetition
 .bss.dataToPlay
                0x20001002        0x1 ./Core/Src/system.o
                0x20001002                dataToPlay
 .bss.loops     0x20001003        0x1 ./Core/Src/system.o
                0x20001003                loops
 *(COMMON)
                0x20001004                        . = ALIGN (0x4)
                0x20001004                        _ebss = .
                0x20001004                        __bss_end__ = _ebss

._user_heap_stack
                0x20001004      0x604 load address 0x08002e84
                0x20001008                        . = ALIGN (0x8)
 *fill*         0x20001004        0x4 
                [!provide]                        PROVIDE (end = .)
                0x20001008                        PROVIDE (_end = .)
                0x20001208                        . = (. + _Min_Heap_Size)
 *fill*         0x20001008      0x200 
                0x20001608                        . = (. + _Min_Stack_Size)
 *fill*         0x20001208      0x400 
                0x20001608                        . = ALIGN (0x8)

/DISCARD/
 libc.a(*)
 libm.a(*)
 libgcc.a(*)

.ARM.attributes
                0x00000000       0x28
 *(.ARM.attributes)
 .ARM.attributes
                0x00000000       0x1e C:/ST/STM32CubeIDE_1.19.0/STM32CubeIDE/plugins/com.st.stm32cube.ide.mcu.externaltools.gnu-tools-for-stm32.13.3.rel1.win32_1.0.100.202509120712/tools/bin/../lib/gcc/arm-none-eabi/13.3.1/thumb/v6-m/nofp/crti.o
 .ARM.attributes
                0x0000001e       0x2c C:/ST/STM32CubeIDE_1.19.0/STM32CubeIDE/plugins/com.st.stm32cube.ide.mcu.externaltools.gnu-tools-for-stm32.13.3.rel1.win32_1.0.100.202509120712/tools/bin/../lib/gcc/arm-none-eabi/13.3.1/thumb/v6-m/nofp/crtbegin.o
 .ARM.attributes
                0x0000004a       0x2c ./Core/Src/gpio.o
 .ARM.attributes
                0x00000076       0x2c ./Core/Src/main.o
 .ARM.attributes
                0x000000a2       0x2c ./Core/Src/spi.o
 .ARM.attributes
                0x000000ce       0x2c ./Core/Src/spi_flash.o
 .ARM.attributes
                0x000000fa       0x2c ./Core/Src/stm32c0xx_it.o
 .ARM.attributes
                0x00000126       0x2c ./Core/Src/system.o
 .ARM.attributes
                0x00000152       0x2c ./Core/Src/system_stm32c0xx.o
 .ARM.attributes
                0x0000017e       0x2c ./Core/Src/tim.o
 .ARM.attributes
                0x000001aa       0x22 ./Core/Startup/startup_stm32c011f4px.o
 .ARM.attributes
                0x000001cc       0x2c ./Drivers/STM32C0xx_HAL_Driver/Src/stm32c0xx_ll_exti.o
 .ARM.attributes
                0x000001f8       0x2c ./Drivers/STM32C0xx_HAL_Driver/Src/stm32c0xx_ll_gpio.o
 .ARM.attributes
                0x00000224       0x2c ./Drivers/STM32C0xx_HAL_Driver/Src/stm32c0xx_ll_spi.o
 .ARM.attributes
                0x00000250       0x2c ./Drivers/STM32C0xx_HAL_Driver/Src/stm32c0xx_ll_tim.o
 .ARM.attributes
                0x0000027c       0x2c ./Drivers/STM32C0xx_HAL_Driver/Src/stm32c0xx_ll_utils.o
 .ARM.attributes
                0x000002a8       0x2c C:/ST/STM32CubeIDE_1.19.0/STM32CubeIDE/plugins/com.st.stm32cube.ide.mcu.externaltools.gnu-tools-for-stm32.13.3.rel1.win32_1.0.100.202509120712/tools/bin/../lib/gcc/arm-none-eabi/13.3.1/../../../../arm-none-eabi/lib/thumb/v6-m/nofp\libc_nano.a(libc_a-memset.o)
 .ARM.attributes
                0x000002d4       0x2c C:/ST/STM32CubeIDE_1.19.0/STM32CubeIDE/plugins/com.st.stm32cube.ide.mcu.externaltools.gnu-tools-for-stm32.13.3.rel1.win32_1.0.100.202509120712/tools/bin/../lib/gcc/arm-none-eabi/13.3.1/../../../../arm-none-eabi/lib/thumb/v6-m/nofp\libc_nano.a(libc_a-init.o)
 .ARM.attributes
                0x00000300       0x1e C:/ST/STM32CubeIDE_1.19.0/STM32CubeIDE/plugins/com.st.stm32cube.ide.mcu.externaltools.gnu-tools-for-stm32.13.3.rel1.win32_1.0.100.202509120712/tools/bin/../lib/gcc/arm-none-eabi/13.3.1/thumb/v6-m/nofp\libgcc.a(_udivsi3.o)
 .ARM.attributes
                0x0000031e       0x1e C:/ST/STM32CubeIDE_1.19.0/STM32CubeIDE/plugins/com.st.stm32cube.ide.mcu.externaltools.gnu-tools-for-stm32.13.3.rel1.win32_1.0.100.202509120712/tools/bin/../lib/gcc/arm-none-eabi/13.3.1/thumb/v6-m/nofp\libgcc.a(_dvmd_tls.o)
 .ARM.attributes
                0x0000033c       0x1e C:/ST/STM32CubeIDE_1.19.0/STM32CubeIDE/plugins/com.st.stm32cube.ide.mcu.externaltools.gnu-tools-for-stm32.13.3.rel1.win32_1.0.100.202509120712/tools/bin/../lib/gcc/arm-none-eabi/13.3.1/thumb/v6-m/nofp/crtn.o
OUTPUT(UWU_AK.elf elf32-littlearm)
LOAD linker stubs
LOAD C:/ST/STM32CubeIDE_1.19.0/STM32CubeIDE/plugins/com.st.stm32cube.ide.mcu.externaltools.gnu-tools-for-stm32.13.3.rel1.win32_1.0.100.202509120712/tools/bin/../lib/gcc/arm-none-eabi/13.3.1/../../../../arm-none-eabi/lib/thumb/v6-m/nofp\libc.a
LOAD C:/ST/STM32CubeIDE_1.19.0/STM32CubeIDE/plugins/com.st.stm32cube.ide.mcu.externaltools.gnu-tools-for-stm32.13.3.rel1.win32_1.0.100.202509120712/tools/bin/../lib/gcc/arm-none-eabi/13.3.1/../../../../arm-none-eabi/lib/thumb/v6-m/nofp\libm.a
LOAD C:/ST/STM32CubeIDE_1.19.0/STM32CubeIDE/plugins/com.st.stm32cube.ide.mcu.externaltools.gnu-tools-for-stm32.13.3.rel1.win32_1.0.100.202509120712/tools/bin/../lib/gcc/arm-none-eabi/13.3.1/thumb/v6-m/nofp\libgcc.a

.debug_info     0x00000000     0x7356
 .debug_info    0x00000000      0x99f ./Core/Src/gpio.o
 .debug_info    0x0000099f      0x93b ./Core/Src/main.o
 .debug_info    0x000012da      0x955 ./Core/Src/spi.o
 .debug_info    0x00001c2f     0x10d9 ./Core/Src/spi_flash.o
 .debug_info    0x00002d08      0x66f ./Core/Src/stm32c0xx_it.o
 .debug_info    0x00003377      0xadf ./Core/Src/system.o
 .debug_info    0x00003e56      0x36c ./Core/Src/system_stm32c0xx.o
 .debug_info    0x000041c2      0xce2 ./Core/Src/tim.o
 .debug_info    0x00004ea4       0x30 ./Core/Startup/startup_stm32c011f4px.o
 .debug_info    0x00004ed4      0x3e6 ./Drivers/STM32C0xx_HAL_Driver/Src/stm32c0xx_ll_exti.o
 .debug_info    0x000052ba      0x596 ./Drivers/STM32C0xx_HAL_Driver/Src/stm32c0xx_ll_gpio.o
 .debug_info    0x00005850      0x703 ./Drivers/STM32C0xx_HAL_Driver/Src/stm32c0xx_ll_spi.o
 .debug_info    0x00005f53     0x10b3 ./Drivers/STM32C0xx_HAL_Driver/Src/stm32c0xx_ll_tim.o
 .debug_info    0x00007006      0x350 ./Drivers/STM32C0xx_HAL_Driver/Src/stm32c0xx_ll_utils.o

.debug_abbrev   0x00000000     0x19df
 .debug_abbrev  0x00000000      0x1e2 ./Core/Src/gpio.o
 .debug_abbrev  0x000001e2      0x272 ./Core/Src/main.o
 .debug_abbrev  0x00000454      0x1d4 ./Core/Src/spi.o
 .debug_abbrev  0x00000628      0x32a ./Core/Src/spi_flash.o
 .debug_abbrev  0x00000952      0x1f9 ./Core/Src/stm32c0xx_it.o
 .debug_abbrev  0x00000b4b      0x25d ./Core/Src/system.o
 .debug_abbrev  0x00000da8      0x119 ./Core/Src/system_stm32c0xx.o
 .debug_abbrev  0x00000ec1      0x1d1 ./Core/Src/tim.o
 .debug_abbrev  0x00001092       0x24 ./Core/Startup/startup_stm32c011f4px.o
 .debug_abbrev  0x000010b6      0x156 ./Drivers/STM32C0xx_HAL_Driver/Src/stm32c0xx_ll_exti.o
 .debug_abbrev  0x0000120c      0x1ae ./Drivers/STM32C0xx_HAL_Driver/Src/stm32c0xx_ll_gpio.o
 .debug_abbrev  0x000013ba      0x231 ./Drivers/STM32C0xx_HAL_Driver/Src/stm32c0xx_ll_spi.o
 .debug_abbrev  0x000015eb      0x20f ./Drivers/STM32C0xx_HAL_Driver/Src/stm32c0xx_ll_tim.o
 .debug_abbrev  0x000017fa      0x1e5 ./Drivers/STM32C0xx_HAL_Driver/Src/stm32c0xx_ll_utils.o

.debug_aranges  0x00000000      0x820
 .debug_aranges
                0x00000000       0x58 ./Core/Src/gpio.o
 .debug_aranges
                0x00000058       0x98 ./Core/Src/main.o
 .debug_aranges
                0x000000f0       0x60 ./Core/Src/spi.o
 .debug_aranges
                0x00000150      0x198 ./Core/Src/spi_flash.o
 .debug_aranges
                0x000002e8       0xa0 ./Core/Src/stm32c0xx_it.o
 .debug_aranges
                0x00000388       0xd8 ./Core/Src/system.o
 .debug_aranges
                0x00000460       0x28 ./Core/Src/system_stm32c0xx.o
 .debug_aranges
                0x00000488       0x78 ./Core/Src/tim.o
 .debug_aranges
                0x00000500       0x28 ./Core/Startup/startup_stm32c011f4px.o
 .debug_aranges
                0x00000528       0x70 ./Drivers/STM32C0xx_HAL_Driver/Src/stm32c0xx_ll_exti.o
 .debug_aranges
                0x00000598       0x70 ./Drivers/STM32C0xx_HAL_Driver/Src/stm32c0xx_ll_gpio.o
 .debug_aranges
                0x00000608       0x80 ./Drivers/STM32C0xx_HAL_Driver/Src/stm32c0xx_ll_spi.o
 .debug_aranges
                0x00000688      0x148 ./Drivers/STM32C0xx_HAL_Driver/Src/stm32c0xx_ll_tim.o
 .debug_aranges
                0x000007d0       0x50 ./Drivers/STM32C0xx_HAL_Driver/Src/stm32c0xx_ll_utils.o

.debug_rnglists
                0x00000000      0x603
 .debug_rnglists
                0x00000000       0x3f ./Core/Src/gpio.o
 .debug_rnglists
                0x0000003f       0x6e ./Core/Src/main.o
 .debug_rnglists
                0x000000ad       0x45 ./Core/Src/spi.o
 .debug_rnglists
                0x000000f2      0x13b ./Core/Src/spi_flash.o
 .debug_rnglists
                0x0000022d       0x73 ./Core/Src/stm32c0xx_it.o
 .debug_rnglists
                0x000002a0       0xa3 ./Core/Src/system.o
 .debug_rnglists
                0x00000343       0x1a ./Core/Src/system_stm32c0xx.o
 .debug_rnglists
                0x0000035d       0x59 ./Core/Src/tim.o
 .debug_rnglists
                0x000003b6       0x19 ./Core/Startup/startup_stm32c011f4px.o
 .debug_rnglists
                0x000003cf       0x50 ./Drivers/STM32C0xx_HAL_Driver/Src/stm32c0xx_ll_exti.o
 .debug_rnglists
                0x0000041f       0x51 ./Drivers/STM32C0xx_HAL_Driver/Src/stm32c0xx_ll_gpio.o
 .debug_rnglists
                0x00000470       0x5d ./Drivers/STM32C0xx_HAL_Driver/Src/stm32c0xx_ll_spi.o
 .debug_rnglists
                0x000004cd       0xfe ./Drivers/STM32C0xx_HAL_Driver/Src/stm32c0xx_ll_tim.o
 .debug_rnglists
                0x000005cb       0x38 ./Drivers/STM32C0xx_HAL_Driver/Src/stm32c0xx_ll_utils.o

.debug_macro    0x00000000     0xe7e0
 .debug_macro   0x00000000      0x154 ./Core/Src/gpio.o
 .debug_macro   0x00000154      0xaf0 ./Core/Src/gpio.o
 .debug_macro   0x00000c44       0x2e ./Core/Src/gpio.o
 .debug_macro   0x00000c72       0x28 ./Core/Src/gpio.o
 .debug_macro   0x00000c9a       0x22 ./Core/Src/gpio.o
 .debug_macro   0x00000cbc       0x8e ./Core/Src/gpio.o
 .debug_macro   0x00000d4a       0x51 ./Core/Src/gpio.o
 .debug_macro   0x00000d9b      0x103 ./Core/Src/gpio.o
 .debug_macro   0x00000e9e       0x6a ./Core/Src/gpio.o
 .debug_macro   0x00000f08      0x1df ./Core/Src/gpio.o
 .debug_macro   0x000010e7       0x1c ./Core/Src/gpio.o
 .debug_macro   0x00001103       0x22 ./Core/Src/gpio.o
 .debug_macro   0x00001125       0xd1 ./Core/Src/gpio.o
 .debug_macro   0x000011f6      0x4da ./Core/Src/gpio.o
 .debug_macro   0x000016d0      0x11f ./Core/Src/gpio.o
 .debug_macro   0x000017ef     0x8f7d ./Core/Src/gpio.o
 .debug_macro   0x0000a76c       0x6d ./Core/Src/gpio.o
 .debug_macro   0x0000a7d9      0x368 ./Core/Src/gpio.o
 .debug_macro   0x0000ab41      0x129 ./Core/Src/gpio.o
 .debug_macro   0x0000ac6a      0x19e ./Core/Src/gpio.o
 .debug_macro   0x0000ae08      0x163 ./Core/Src/gpio.o
 .debug_macro   0x0000af6b      0x179 ./Core/Src/gpio.o
 .debug_macro   0x0000b0e4       0x41 ./Core/Src/gpio.o
 .debug_macro   0x0000b125      0x14b ./Core/Src/gpio.o
 .debug_macro   0x0000b270      0x2e3 ./Core/Src/gpio.o
 .debug_macro   0x0000b553      0x185 ./Core/Src/gpio.o
 .debug_macro   0x0000b6d8      0x2ea ./Core/Src/gpio.o
 .debug_macro   0x0000b9c2      0x89c ./Core/Src/gpio.o
 .debug_macro   0x0000c25e      0x166 ./Core/Src/gpio.o
 .debug_macro   0x0000c3c4       0x82 ./Core/Src/gpio.o
 .debug_macro   0x0000c446      0x184 ./Core/Src/main.o
 .debug_macro   0x0000c5ca       0x70 ./Core/Src/main.o
 .debug_macro   0x0000c63a       0x3a ./Core/Src/main.o
 .debug_macro   0x0000c674      0x154 ./Core/Src/spi.o
 .debug_macro   0x0000c7c8      0x197 ./Core/Src/spi_flash.o
 .debug_macro   0x0000c95f       0x6a ./Core/Src/spi_flash.o
 .debug_macro   0x0000c9c9      0x170 ./Core/Src/stm32c0xx_it.o
 .debug_macro   0x0000cb39      0x239 ./Core/Src/system.o
 .debug_macro   0x0000cd72       0x61 ./Core/Src/system.o
 .debug_macro   0x0000cdd3       0x10 ./Core/Src/system.o
 .debug_macro   0x0000cde3       0x20 ./Core/Src/system.o
 .debug_macro   0x0000ce03       0xc9 ./Core/Src/system_stm32c0xx.o
 .debug_macro   0x0000cecc      0x154 ./Core/Src/tim.o
 .debug_macro   0x0000d020       0xea ./Drivers/STM32C0xx_HAL_Driver/Src/stm32c0xx_ll_exti.o
 .debug_macro   0x0000d10a      0x15d ./Drivers/STM32C0xx_HAL_Driver/Src/stm32c0xx_ll_exti.o
 .debug_macro   0x0000d267      0x105 ./Drivers/STM32C0xx_HAL_Driver/Src/stm32c0xx_ll_gpio.o
 .debug_macro   0x0000d36c      0x160 ./Drivers/STM32C0xx_HAL_Driver/Src/stm32c0xx_ll_gpio.o
 .debug_macro   0x0000d4cc      0x172 ./Drivers/STM32C0xx_HAL_Driver/Src/stm32c0xx_ll_spi.o
 .debug_macro   0x0000d63e      0x2e4 ./Drivers/STM32C0xx_HAL_Driver/Src/stm32c0xx_ll_spi.o
 .debug_macro   0x0000d922      0x36e ./Drivers/STM32C0xx_HAL_Driver/Src/stm32c0xx_ll_spi.o
 .debug_macro   0x0000dc90      0x17a ./Drivers/STM32C0xx_HAL_Driver/Src/stm32c0xx_ll_tim.o
 .debug_macro   0x0000de0a      0x896 ./Drivers/STM32C0xx_HAL_Driver/Src/stm32c0xx_ll_tim.o
 .debug_macro   0x0000e6a0      0x105 ./Drivers/STM32C0xx_HAL_Driver/Src/stm32c0xx_ll_utils.o
 .debug_macro   0x0000e7a5       0x3b ./Drivers/STM32C0xx_HAL_Driver/Src/stm32c0xx_ll_utils.o

.debug_line     0x00000000     0x7405
 .debug_line    0x00000000      0x7e6 ./Core/Src/gpio.o
 .debug_line    0x000007e6      0x8b8 ./Core/Src/main.o
 .debug_line    0x0000109e      0x7f7 ./Core/Src/spi.o
 .debug_line    0x00001895     0x108f ./Core/Src/spi_flash.o
 .debug_line    0x00002924      0x898 ./Core/Src/stm32c0xx_it.o
 .debug_line    0x000031bc      0xbe4 ./Core/Src/system.o
 .debug_line    0x00003da0      0x54b ./Core/Src/system_stm32c0xx.o
 .debug_line    0x000042eb      0x923 ./Core/Src/tim.o
 .debug_line    0x00004c0e       0x7d ./Core/Startup/startup_stm32c011f4px.o
 .debug_line    0x00004c8b      0x696 ./Drivers/STM32C0xx_HAL_Driver/Src/stm32c0xx_ll_exti.o
 .debug_line    0x00005321      0x6d1 ./Drivers/STM32C0xx_HAL_Driver/Src/stm32c0xx_ll_gpio.o
 .debug_line    0x000059f2      0x779 ./Drivers/STM32C0xx_HAL_Driver/Src/stm32c0xx_ll_spi.o
 .debug_line    0x0000616b      0xc15 ./Drivers/STM32C0xx_HAL_Driver/Src/stm32c0xx_ll_tim.o
 .debug_line    0x00006d80      0x685 ./Drivers/STM32C0xx_HAL_Driver/Src/stm32c0xx_ll_utils.o

.debug_str      0x00000000    0x4f637
 .debug_str     0x00000000    0x4f637 ./Core/Src/gpio.o
                              0x47bcb (size before relaxing)
 .debug_str     0x0004f637        0x0 ./Core/Src/main.o
                              0x47dc4 (size before relaxing)
 .debug_str     0x0004f637        0x0 ./Core/Src/spi.o
                              0x47c0b (size before relaxing)
 .debug_str     0x0004f637        0x0 ./Core/Src/spi_flash.o
                              0x47f1c (size before relaxing)
 .debug_str     0x0004f637        0x0 ./Core/Src/stm32c0xx_it.o
                              0x47b78 (size before relaxing)
 .debug_str     0x0004f637        0x0 ./Core/Src/system.o
                              0x4b22f (size before relaxing)
 .debug_str     0x0004f637        0x0 ./Core/Src/system_stm32c0xx.o
                              0x3abfc (size before relaxing)
 .debug_str     0x0004f637        0x0 ./Core/Src/tim.o
                              0x47e15 (size before relaxing)
 .debug_str     0x0004f637        0x0 ./Core/Startup/startup_stm32c011f4px.o
                                 0x7a (size before relaxing)
 .debug_str     0x0004f637        0x0 ./Drivers/STM32C0xx_HAL_Driver/Src/stm32c0xx_ll_exti.o
                              0x3b805 (size before relaxing)
 .debug_str     0x0004f637        0x0 ./Drivers/STM32C0xx_HAL_Driver/Src/stm32c0xx_ll_gpio.o
                              0x3c25a (size before relaxing)
 .debug_str     0x0004f637        0x0 ./Drivers/STM32C0xx_HAL_Driver/Src/stm32c0xx_ll_spi.o
                              0x3ee86 (size before relaxing)
 .debug_str     0x0004f637        0x0 ./Drivers/STM32C0xx_HAL_Driver/Src/stm32c0xx_ll_tim.o
                              0x41540 (size before relaxing)
 .debug_str     0x0004f637        0x0 ./Drivers/STM32C0xx_HAL_Driver/Src/stm32c0xx_ll_utils.o
                              0x3dd6d (size before relaxing)

.comment        0x00000000       0x86
 .comment       0x00000000       0x86 ./Core/Src/gpio.o
                                 0x44 (size before relaxing)
 .comment       0x00000086        0x0 ./Core/Src/main.o
                                 0x44 (size before relaxing)
 .comment       0x00000086        0x0 ./Core/Src/spi.o
                                 0x44 (size before relaxing)
 .comment       0x00000086        0x0 ./Core/Src/spi_flash.o
                                 0x44 (size before relaxing)
 .comment       0x00000086        0x0 ./Core/Src/stm32c0xx_it.o
                                 0x44 (size before relaxing)
 .comment       0x00000086        0x0 ./Core/Src/system.o
                                 0x44 (size before relaxing)
 .comment       0x00000086        0x0 ./Core/Src/system_stm32c0xx.o
                                 0x44 (size before relaxing)
 .comment       0x00000086        0x0 ./Core/Src/tim.o
                                 0x44 (size before relaxing)
 .comment       0x00000086        0x0 ./Drivers/STM32C0xx_HAL_Driver/Src/stm32c0xx_ll_exti.o
                                 0x44 (size before relaxing)
 .comment       0x00000086        0x0 ./Drivers/STM32C0xx_HAL_Driver/Src/stm32c0xx_ll_gpio.o
                                 0x44 (size before relaxing)
 .comment       0x00000086        0x0 ./Drivers/STM32C0xx_HAL_Driver/Src/stm32c0xx_ll_spi.o
                                 0x44 (size before relaxing)
 .comment       0x00000086        0x0 ./Drivers/STM32C0xx_HAL_Driver/Src/stm32c0xx_ll_tim.o
                                 0x44 (size before relaxing)
 .comment       0x00000086        0x0 ./Drivers/STM32C0xx_HAL_Driver/Src/stm32c0xx_ll_utils.o
                                 0x44 (size before relaxing)

.debug_frame    0x00000000     0x1bec
 .debug_frame   0x00000000      0x110 ./Core/Src/gpio.o
 .debug_frame   0x00000110      0x1f8 ./Core/Src/main.o
 .debug_frame   0x00000308      0x130 ./Core/Src/spi.o
 .debug_frame   0x00000438      0x618 ./Core/Src/spi_flash.o
 .debug_frame   0x00000a50      0x20c ./Core/Src/stm32c0xx_it.o
 .debug_frame   0x00000c5c      0x2fc ./Core/Src/system.o
 .debug_frame   0x00000f58       0x4c ./Core/Src/system_stm32c0xx.o
 .debug_frame   0x00000fa4      0x194 ./Core/Src/tim.o
 .debug_frame   0x00001138      0x16c ./Drivers/STM32C0xx_HAL_Driver/Src/stm32c0xx_ll_exti.o
 .debug_frame   0x000012a4      0x170 ./Drivers/STM32C0xx_HAL_Driver/Src/stm32c0xx_ll_gpio.o
 .debug_frame   0x00001414      0x1b0 ./Drivers/STM32C0xx_HAL_Driver/Src/stm32c0xx_ll_spi.o
 .debug_frame   0x000015c4      0x4d0 ./Drivers/STM32C0xx_HAL_Driver/Src/stm32c0xx_ll_tim.o
 .debug_frame   0x00001a94       0xec ./Drivers/STM32C0xx_HAL_Driver/Src/stm32c0xx_ll_utils.o
 .debug_frame   0x00001b80       0x20 C:/ST/STM32CubeIDE_1.19.0/STM32CubeIDE/plugins/com.st.stm32cube.ide.mcu.externaltools.gnu-tools-for-stm32.13.3.rel1.win32_1.0.100.202509120712/tools/bin/../lib/gcc/arm-none-eabi/13.3.1/../../../../arm-none-eabi/lib/thumb/v6-m/nofp\libc_nano.a(libc_a-memset.o)
 .debug_frame   0x00001ba0       0x2c C:/ST/STM32CubeIDE_1.19.0/STM32CubeIDE/plugins/com.st.stm32cube.ide.mcu.externaltools.gnu-tools-for-stm32.13.3.rel1.win32_1.0.100.202509120712/tools/bin/../lib/gcc/arm-none-eabi/13.3.1/../../../../arm-none-eabi/lib/thumb/v6-m/nofp\libc_nano.a(libc_a-init.o)
 .debug_frame   0x00001bcc       0x20 C:/ST/STM32CubeIDE_1.19.0/STM32CubeIDE/plugins/com.st.stm32cube.ide.mcu.externaltools.gnu-tools-for-stm32.13.3.rel1.win32_1.0.100.202509120712/tools/bin/../lib/gcc/arm-none-eabi/13.3.1/thumb/v6-m/nofp\libgcc.a(_udivsi3.o)

.debug_line_str
                0x00000000       0x5e
 .debug_line_str
                0x00000000       0x5e ./Core/Startup/startup_stm32c011f4px.o
