Archive member included to satisfy reference by file (symbol)

C:/ST/STM32CubeIDE_1.19.0/STM32CubeIDE/plugins/com.st.stm32cube.ide.mcu.externaltools.gnu-tools-for-stm32.13.3.rel1.win32_1.0.100.202509120712/tools/bin/../lib/gcc/arm-none-eabi/13.3.1/../../../../arm-none-eabi/lib/thumb/v6-m/nofp\libc_nano.a(libc_a-exit.o)
                              C:/ST/STM32CubeIDE_1.19.0/STM32CubeIDE/plugins/com.st.stm32cube.ide.mcu.externaltools.gnu-tools-for-stm32.13.3.rel1.win32_1.0.100.202509120712/tools/bin/../lib/gcc/arm-none-eabi/13.3.1/../../../../arm-none-eabi/lib/thumb/v6-m/nofp/crt0.o (exit)
C:/ST/STM32CubeIDE_1.19.0/STM32CubeIDE/plugins/com.st.stm32cube.ide.mcu.externaltools.gnu-tools-for-stm32.13.3.rel1.win32_1.0.100.202509120712/tools/bin/../lib/gcc/arm-none-eabi/13.3.1/../../../../arm-none-eabi/lib/thumb/v6-m/nofp\libc_nano.a(libc_a-findfp.o)
                              C:/ST/STM32CubeIDE_1.19.0/STM32CubeIDE/plugins/com.st.stm32cube.ide.mcu.externaltools.gnu-tools-for-stm32.13.3.rel1.win32_1.0.100.202509120712/tools/bin/../lib/gcc/arm-none-eabi/13.3.1/../../../../arm-none-eabi/lib/thumb/v6-m/nofp\libc_nano.a(libc_a-exit.o) (__stdio_exit_handler)
C:/ST/STM32CubeIDE_1.19.0/STM32CubeIDE/plugins/com.st.stm32cube.ide.mcu.externaltools.gnu-tools-for-stm32.13.3.rel1.win32_1.0.100.202509120712/tools/bin/../lib/gcc/arm-none-eabi/13.3.1/../../../../arm-none-eabi/lib/thumb/v6-m/nofp\libc_nano.a(libc_a-fwalk.o)
                              C:/ST/STM32CubeIDE_1.19.0/STM32CubeIDE/plugins/com.st.stm32cube.ide.mcu.externaltools.gnu-tools-for-stm32.13.3.rel1.win32_1.0.100.202509120712/tools/bin/../lib/gcc/arm-none-eabi/13.3.1/../../../../arm-none-eabi/lib/thumb/v6-m/nofp\libc_nano.a(libc_a-findfp.o) (_fwalk_sglue)
C:/ST/STM32CubeIDE_1.19.0/STM32CubeIDE/plugins/com.st.stm32cube.ide.mcu.externaltools.gnu-tools-for-stm32.13.3.rel1.win32_1.0.100.202509120712/tools/bin/../lib/gcc/arm-none-eabi/13.3.1/../../../../arm-none-eabi/lib/thumb/v6-m/nofp\libc_nano.a(libc_a-stdio.o)
                              C:/ST/STM32CubeIDE_1.19.0/STM32CubeIDE/plugins/com.st.stm32cube.ide.mcu.externaltools.gnu-tools-for-stm32.13.3.rel1.win32_1.0.100.202509120712/tools/bin/../lib/gcc/arm-none-eabi/13.3.1/../../../../arm-none-eabi/lib/thumb/v6-m/nofp\libc_nano.a(libc_a-findfp.o) (__sread)
C:/ST/STM32CubeIDE_1.19.0/STM32CubeIDE/plugins/com.st.stm32cube.ide.mcu.externaltools.gnu-tools-for-stm32.13.3.rel1.win32_1.0.100.202509120712/tools/bin/../lib/gcc/arm-none-eabi/13.3.1/../../../../arm-none-eabi/lib/thumb/v6-m/nofp\libc_nano.a(libc_a-memset.o)
                              C:/ST/STM32CubeIDE_1.19.0/STM32CubeIDE/plugins/com.st.stm32cube.ide.mcu.externaltools.gnu-tools-for-stm32.13.3.rel1.win32_1.0.100.202509120712/tools/bin/../lib/gcc/arm-none-eabi/13.3.1/../../../../arm-none-eabi/lib/thumb/v6-m/nofp/crt0.o (memset)
C:/ST/STM32CubeIDE_1.19.0/STM32CubeIDE/plugins/com.st.stm32cube.ide.mcu.externaltools.gnu-tools-for-stm32.13.3.rel1.win32_1.0.100.202509120712/tools/bin/../lib/gcc/arm-none-eabi/13.3.1/../../../../arm-none-eabi/lib/thumb/v6-m/nofp\libc_nano.a(libc_a-closer.o)
                              C:/ST/STM32CubeIDE_1.19.0/STM32CubeIDE/plugins/com.st.stm32cube.ide.mcu.externaltools.gnu-tools-for-stm32.13.3.rel1.win32_1.0.100.202509120712/tools/bin/../lib/gcc/arm-none-eabi/13.3.1/../../../../arm-none-eabi/lib/thumb/v6-m/nofp\libc_nano.a(libc_a-stdio.o) (_close_r)
C:/ST/STM32CubeIDE_1.19.0/STM32CubeIDE/plugins/com.st.stm32cube.ide.mcu.externaltools.gnu-tools-for-stm32.13.3.rel1.win32_1.0.100.202509120712/tools/bin/../lib/gcc/arm-none-eabi/13.3.1/../../../../arm-none-eabi/lib/thumb/v6-m/nofp\libc_nano.a(libc_a-reent.o)
                              C:/ST/STM32CubeIDE_1.19.0/STM32CubeIDE/plugins/com.st.stm32cube.ide.mcu.externaltools.gnu-tools-for-stm32.13.3.rel1.win32_1.0.100.202509120712/tools/bin/../lib/gcc/arm-none-eabi/13.3.1/../../../../arm-none-eabi/lib/thumb/v6-m/nofp\libc_nano.a(libc_a-closer.o) (errno)
C:/ST/STM32CubeIDE_1.19.0/STM32CubeIDE/plugins/com.st.stm32cube.ide.mcu.externaltools.gnu-tools-for-stm32.13.3.rel1.win32_1.0.100.202509120712/tools/bin/../lib/gcc/arm-none-eabi/13.3.1/../../../../arm-none-eabi/lib/thumb/v6-m/nofp\libc_nano.a(libc_a-impure.o)
                              C:/ST/STM32CubeIDE_1.19.0/STM32CubeIDE/plugins/com.st.stm32cube.ide.mcu.externaltools.gnu-tools-for-stm32.13.3.rel1.win32_1.0.100.202509120712/tools/bin/../lib/gcc/arm-none-eabi/13.3.1/../../../../arm-none-eabi/lib/thumb/v6-m/nofp\libc_nano.a(libc_a-reent.o) (_impure_ptr)
C:/ST/STM32CubeIDE_1.19.0/STM32CubeIDE/plugins/com.st.stm32cube.ide.mcu.externaltools.gnu-tools-for-stm32.13.3.rel1.win32_1.0.100.202509120712/tools/bin/../lib/gcc/arm-none-eabi/13.3.1/../../../../arm-none-eabi/lib/thumb/v6-m/nofp\libc_nano.a(libc_a-lseekr.o)
[...]
Memory Configuration

Name             Origin             Length             Attributes
RAM              0x20000000         0x00001800         xrw
FLASH            0x08000000         0x00004000         xr
*default*        0x00000000         0xffffffff

Linker script and memory map

LOAD C:/ST/STM32CubeIDE_1.19.0/STM32CubeIDE/plugins/com.st.stm32cube.ide.mcu.externaltools.gnu-tools-for-stm32.13.3.rel1.win32_1.0.100.202509120712/tools/bin/../lib/gcc/arm-none-eabi/13.3.1/thumb/v6-m/nofp/crti.o
LOAD C:/ST/STM32CubeIDE_1.19.0/STM32CubeIDE/plugins/com.st.stm32cube.ide.mcu.externaltools.gnu-tools-for-stm32.13.3.rel1.win32_1.0.100.202509120712/tools/bin/../lib/gcc/arm-none-eabi/13.3.1/thumb/v6-m/nofp/crtbegin.o
LOAD C:/ST/STM32CubeIDE_1.19.0/STM32CubeIDE/plugins/com.st.stm32cube.ide.mcu.externaltools.gnu-tools-for-stm32.13.3.rel1.win32_1.0.100.202509120712/tools/bin/../lib/gcc/arm-none-eabi/13.3.1/../../../../arm-none-eabi/lib/thumb/v6-m/nofp/crt0.o
LOAD ./Core/Src/doublebuffer.o
LOAD ./Core/Src/gpio.o
LOAD ./Core/Src/main.o
LOAD ./Core/Src/spi.o
LOAD ./Core/Src/spi_flash.o
LOAD ./Core/Src/spi_project.o
LOAD ./Core/Src/stm32c0xx_it.o
LOAD ./Core/Src/syscalls.o
LOAD ./Core/Src/sysmem.o
LOAD ./Core/Src/system.o
LOAD ./Core/Src/system_stm32c0xx.o
LOAD ./Core/Src/tim.o
LOAD ./Core/Startup/startup_stm32c011f4px.o
LOAD ./Drivers/STM32C0xx_HAL_Driver/Src/stm32c0xx_ll_dma.o
LOAD ./Drivers/STM32C0xx_HAL_Driver/Src/stm32c0xx_ll_exti.o
LOAD ./Drivers/STM32C0xx_HAL_Driver/Src/stm32c0xx_ll_gpio.o
LOAD ./Drivers/STM32C0xx_HAL_Driver/Src/stm32c0xx_ll_pwr.o
LOAD ./Drivers/STM32C0xx_HAL_Driver/Src/stm32c0xx_ll_rcc.o
LOAD ./Drivers/STM32C0xx_HAL_Driver/Src/stm32c0xx_ll_spi.o
LOAD ./Drivers/STM32C0xx_HAL_Driver/Src/stm32c0xx_ll_tim.o
LOAD ./Drivers/STM32C0xx_HAL_Driver/Src/stm32c0xx_ll_utils.o
START GROUP
LOAD C:/ST/STM32CubeIDE_1.19.0/STM32CubeIDE/plugins/com.st.stm32cube.ide.mcu.externaltools.gnu-tools-for-stm32.13.3.rel1.win32_1.0.100.202509120712/tools/bin/../lib/gcc/arm-none-eabi/13.3.1/../../../../arm-none-eabi/lib/thumb/v6-m/nofp\libc_nano.a
LOAD C:/ST/STM32CubeIDE_1.19.0/STM32CubeIDE/plugins/com.st.stm32cube.ide.mcu.externaltools.gnu-tools-for-stm32.13.3.rel1.win32_1.0.100.202509120712/tools/bin/../lib/gcc/arm-none-eabi/13.3.1/../../../../arm-none-eabi/lib/thumb/v6-m/nofp\libm.a
END GROUP
START GROUP
LOAD C:/ST/STM32CubeIDE_1.19.0/STM32CubeIDE/plugins/com.st.stm32cube.ide.mcu.externaltools.gnu-tools-for-stm32.13.3.rel1.win32_1.0.100.202509120712/tools/bin/../lib/gcc/arm-none-eabi/13.3.1/thumb/v6-m/nofp\libgcc.a
LOAD C:/ST/STM32CubeIDE_1.19.0/STM32CubeIDE/plugins/com.st.stm32cube.ide.mcu.externaltools.gnu-tools-for-stm32.13.3.rel1.win32_1.0.100.202509120712/tools/bin/../lib/gcc/arm-none-eabi/13.3.1/../../../../arm-none-eabi/lib/thumb/v6-m/nofp\libc_nano.a
END GROUP
START GROUP
LOAD C:/ST/STM32CubeIDE_1.19.0/STM32CubeIDE/plugins/com.st.stm32cube.ide.mcu.externaltools.gnu-tools-for-stm32.13.3.rel1.win32_1.0.100.202509120712/tools/bin/../lib/gcc/arm-none-eabi/13.3.1/thumb/v6-m/nofp\libgcc.a
LOAD C:/ST/STM32CubeIDE_1.19.0/STM32CubeIDE/plugins/com.st.stm32cube.ide.mcu.externaltools.gnu-tools-for-stm32.13.3.rel1.win32_1.0.100.202509120712/tools/bin/../lib/gcc/arm-none-eabi/13.3.1/../../../../arm-none-eabi/lib/thumb/v6-m/nofp\libc_nano.a
LOAD C:/ST/STM32CubeIDE_1.19.0/STM32CubeIDE/plugins/com.st.stm32cube.ide.mcu.externaltools.gnu-tools-for-stm32.13.3.rel1.win32_1.0.100.202509120712/tools/bin/../lib/gcc/arm-none-eabi/13.3.1/../../../../arm-none-eabi/lib/thumb/v6-m/nofp\libnosys.a
END GROUP
START GROUP
LOAD C:/ST/STM32CubeIDE_1.19.0/STM32CubeIDE/plugins/com.st.stm32cube.ide.mcu.externaltools.gnu-tools-for-stm32.13.3.rel1.win32_1.0.100.202509120712/tools/bin/../lib/gcc/arm-none-eabi/13.3.1/thumb/v6-m/nofp\libgcc.a
LOAD C:/ST/STM32CubeIDE_1.19.0/STM32CubeIDE/plugins/com.st.stm32cube.ide.mcu.externaltools.gnu-tools-for-stm32.13.3.rel1.win32_1.0.100.202509120712/tools/bin/../lib/gcc/arm-none-eabi/13.3.1/../../../../arm-none-eabi/lib/thumb/v6-m/nofp\libc_nano.a
LOAD C:/ST/STM32CubeIDE_1.19.0/STM32CubeIDE/plugins/com.st.stm32cube.ide.mcu.externaltools.gnu-tools-for-stm32.13.3.rel1.win32_1.0.100.202509120712/tools/bin/../lib/gcc/arm-none-eabi/13.3.1/../../../../arm-none-eabi/lib/thumb/v6-m/nofp\libnosys.a
END GROUP
LOAD C:/ST/STM32CubeIDE_1.19.0/STM32CubeIDE/plugins/com.st.stm32cube.ide.mcu.externaltools.gnu-tools-for-stm32.13.3.rel1.win32_1.0.100.202509120712/tools/bin/../lib/gcc/arm-none-eabi/13.3.1/thumb/v6-m/nofp/crtend.o
LOAD C:/ST/STM32CubeIDE_1.19.0/STM32CubeIDE/plugins/com.st.stm32cube.ide.mcu.externaltools.gnu-tools-for-stm32.13.3.rel1.win32_1.0.100.202509120712/tools/bin/../lib/gcc/arm-none-eabi/13.3.1/thumb/v6-m/nofp/crtn.o
                0x20001800                        _estack = (ORIGIN (RAM) + LENGTH (RAM))
                0x00000200                        _Min_Heap_Size = 0x200
                0x00000400                        _Min_Stack_Size = 0x400

.isr_vector     0x08000000       0xc0
                0x08000000                        . = ALIGN (0x4)
 *(.isr_vector)
 .isr_vector    0x08000000       0xc0 ./Core/Startup/startup_stm32c011f4px.o
                0x08000000                g_pfnVectors
                0x080000c0                        . = ALIGN (0x4)

.text           0x080000c0     0x2cd4
                0x080000c0                        . = ALIGN (0x4)
 *(.text)
 .text          0x080000c0       0x48 C:/ST/STM32CubeIDE_1.19.0/STM32CubeIDE/plugins/com.st.stm32cube.ide.mcu.externaltools.gnu-tools-for-stm32.13.3.rel1.win32_1.0.100.202509120712/tools/bin/../lib/gcc/arm-none-eabi/13.3.1/thumb/v6-m/nofp/crtbegin.o
 .text          0x08000108      0x114 C:/ST/STM32CubeIDE_1.19.0/STM32CubeIDE/plugins/com.st.stm32cube.ide.mcu.externaltools.gnu-tools-for-stm32.13.3.rel1.win32_1.0.100.202509120712/tools/bin/../lib/gcc/arm-none-eabi/13.3.1/thumb/v6-m/nofp\libgcc.a(_udivsi3.o)
                0x08000108                __aeabi_uidiv
                0x08000108                __udivsi3
                0x08000214                __aeabi_uidivmod
 .text          0x0800021c        0x4 C:/ST/STM32CubeIDE_1.19.0/STM32CubeIDE/plugins/com.st.stm32cube.ide.mcu.externaltools.gnu-tools-for-stm32.13.3.rel1.win32_1.0.100.202509120712/tools/bin/../lib/gcc/arm-none-eabi/13.3.1/thumb/v6-m/nofp\libgcc.a(_dvmd_tls.o)
                0x0800021c                __aeabi_idiv0
                0x0800021c                __aeabi_ldiv0
 *(.text*)
 .text.GetEmptyBuffer
                0x08000220       0x38 ./Core/Src/doublebuffer.o
                0x08000220                GetEmptyBuffer
 .text.BufferAppend
                0x08000258       0x48 ./Core/Src/doublebuffer.o
                0x08000258                BufferAppend
 .text.__NVIC_EnableIRQ
                0x080002a0       0x34 ./Core/Src/gpio.o
 .text.__NVIC_SetPriority
                0x080002d4       0xdc ./Core/Src/gpio.o
 .text.LL_IOP_GRP1_EnableClock
                0x080003b0       0x2c ./Core/Src/gpio.o
 .text.LL_EXTI_SetEXTISource
                0x080003dc       0x4c ./Core/Src/gpio.o
 .text.LL_GPIO_SetPinMode
                0x08000428       0x38 ./Core/Src/gpio.o
 .text.LL_GPIO_SetPinPull
                0x08000460       0x38 ./Core/Src/gpio.o
 .text.LL_GPIO_ResetOutputPin
                0x08000498       0x18 ./Core/Src/gpio.o
 .text.MX_GPIO_Init
                0x080004b0      0x1d4 ./Core/Src/gpio.o
                0x080004b0                MX_GPIO_Init
 .text.__NVIC_SetPriority
                0x08000684       0xdc ./Core/Src/main.o
 .text.LL_RCC_HSI_Enable
                0x08000760       0x1c ./Core/Src/main.o
 .text.LL_RCC_HSI_IsReady
                0x0800077c       0x28 ./Core/Src/main.o
 .text.LL_RCC_HSI_SetCalibTrimming
                0x080007a4       0x2c ./Core/Src/main.o
 .text.LL_RCC_SetSysClkSource
                0x080007d0       0x28 ./Core/Src/main.o
 .text.LL_RCC_GetSysClkSource
                0x080007f8       0x18 ./Core/Src/main.o
 .text.LL_RCC_SetAHBPrescaler
                0x08000810       0x2c ./Core/Src/main.o
 .text.LL_RCC_SetAPB1Prescaler
                0x0800083c       0x2c ./Core/Src/main.o
 .text.LL_RCC_SetHSIDiv
                0x08000868       0x2c ./Core/Src/main.o
 .text.LL_APB1_GRP1_EnableClock
                0x08000894       0x2c ./Core/Src/main.o
 .text.LL_APB1_GRP2_EnableClock
                0x080008c0       0x2c ./Core/Src/main.o
 .text.LL_FLASH_SetLatency
                0x080008ec       0x28 ./Core/Src/main.o
 .text.LL_GPIO_SetOutputPin
                0x08000914       0x18 ./Core/Src/main.o
 .text.main     0x0800092c       0x4c ./Core/Src/main.o
                0x0800092c                main
 .text.SystemClock_Config
                0x08000978       0x5c ./Core/Src/main.o
                0x08000978                SystemClock_Config
 .text.__NVIC_EnableIRQ
                0x080009d4       0x34 ./Core/Src/spi.o
 .text.__NVIC_SetPriority
                0x08000a08       0xdc ./Core/Src/spi.o
 .text.LL_RCC_SetI2SClockSource
                0x08000ae4       0x2c ./Core/Src/spi.o
 .text.LL_APB1_GRP2_EnableClock
                0x08000b10       0x2c ./Core/Src/spi.o
 .text.LL_IOP_GRP1_EnableClock
                0x08000b3c       0x2c ./Core/Src/spi.o
 .text.LL_SPI_SetStandard
                0x08000b68       0x24 ./Core/Src/spi.o
 .text.LL_SPI_SetRxFIFOThreshold
                0x08000b8c       0x28 ./Core/Src/spi.o
 .text.LL_SPI_DisableNSSPulseMgt
                0x08000bb4       0x1e ./Core/Src/spi.o
 *fill*         0x08000bd2        0x2 
 .text.MX_SPI1_Init
                0x08000bd4      0x15c ./Core/Src/spi.o
                0x08000bd4                MX_SPI1_Init
 .text.LL_SPI_IsActiveFlag_RXNE
                0x08000d30       0x22 ./Core/Src/spi_flash.o
 .text.LL_SPI_IsActiveFlag_TXE
                0x08000d52       0x22 ./Core/Src/spi_flash.o
 .text.LL_SPI_IsActiveFlag_BSY
                0x08000d74       0x22 ./Core/Src/spi_flash.o
 .text.LL_SPI_ReceiveData8
                0x08000d96       0x18 ./Core/Src/spi_flash.o
 .text.LL_SPI_TransmitData8
                0x08000dae       0x24 ./Core/Src/spi_flash.o
 .text.LL_GPIO_SetOutputPin
                0x08000dd2       0x18 ./Core/Src/spi_flash.o
 .text.LL_GPIO_ResetOutputPin
                0x08000dea       0x18 ./Core/Src/spi_flash.o
 .text.SPI_Transmit_Data8
                0x08000e02       0x84 ./Core/Src/spi_flash.o
                0x08000e02                SPI_Transmit_Data8
 .text.SPI_Receive_Data8
                0x08000e86       0x76 ./Core/Src/spi_flash.o
                0x08000e86                SPI_Receive_Data8
 .text.Read_Byte
                0x08000efc       0x80 ./Core/Src/spi_flash.o
                0x08000efc                Read_Byte
 .text.LL_SPI_Disable
                0x08000f7c       0x1e ./Core/Src/spi_project.o
 .text.LL_SPI_IsActiveFlag_BSY
                0x08000f9a       0x22 ./Core/Src/spi_project.o
 .text.LL_SPI_GetRxFIFOLevel
                0x08000fbc       0x1a ./Core/Src/spi_project.o
 .text.LL_SPI_GetTxFIFOLevel
                0x08000fd6       0x1a ./Core/Src/spi_project.o
 .text.LL_SPI_ClearFlag_OVR
                0x08000ff0       0x20 ./Core/Src/spi_project.o
 .text.LL_SPI_DisableIT_RXNE
                0x08001010       0x1e ./Core/Src/spi_project.o
 .text.LL_SPI_DisableIT_TXE
                0x0800102e       0x1e ./Core/Src/spi_project.o
 .text.LL_SPI_ReceiveData8
                0x0800104c       0x18 ./Core/Src/spi_project.o
 .text.LL_GPIO_SetOutputPin
                0x08001064       0x18 ./Core/Src/spi_project.o
 .text.spi_it_receive_callback
                0x0800107c       0xa4 ./Core/Src/spi_project.o
                0x0800107c                spi_it_receive_callback
 .text.LL_EXTI_IsActiveFallingFlag_0_31
                0x08001120       0x28 ./Core/Src/stm32c0xx_it.o
 .text.LL_EXTI_ClearFallingFlag_0_31
                0x08001148       0x1c ./Core/Src/stm32c0xx_it.o
 .text.LL_SPI_IsActiveFlag_RXNE
                0x08001164       0x22 ./Core/Src/stm32c0xx_it.o
 .text.LL_SPI_IsEnabledIT_RXNE
                0x08001186       0x22 ./Core/Src/stm32c0xx_it.o
 .text.LL_TIM_ClearFlag_UPDATE
                0x080011a8       0x18 ./Core/Src/stm32c0xx_it.o
 .text.LL_TIM_IsActiveFlag_UPDATE
                0x080011c0       0x22 ./Core/Src/stm32c0xx_it.o
 .text.NMI_Handler
                0x080011e2        0x8 ./Core/Src/stm32c0xx_it.o
                0x080011e2                NMI_Handler
 .text.HardFault_Handler
                0x080011ea        0x8 ./Core/Src/stm32c0xx_it.o
                0x080011ea                HardFault_Handler
 .text.SVC_Handler
                0x080011f2        0xa ./Core/Src/stm32c0xx_it.o
                0x080011f2                SVC_Handler
 .text.PendSV_Handler
                0x080011fc        0xa ./Core/Src/stm32c0xx_it.o
                0x080011fc                PendSV_Handler
 .text.SysTick_Handler
                0x08001206        0xa ./Core/Src/stm32c0xx_it.o
                0x08001206                SysTick_Handler
 .text.EXTI4_15_IRQHandler
                0x08001210       0x46 ./Core/Src/stm32c0xx_it.o
                0x08001210                EXTI4_15_IRQHandler
 *fill*         0x08001256        0x2 
 .text.TIM1_BRK_UP_TRG_COM_IRQHandler
                0x08001258       0x28 ./Core/Src/stm32c0xx_it.o
                0x08001258                TIM1_BRK_UP_TRG_COM_IRQHandler
 .text.TIM1_CC_IRQHandler
                0x08001280        0xa ./Core/Src/stm32c0xx_it.o
                0x08001280                TIM1_CC_IRQHandler
 *fill*         0x0800128a        0x2 
 .text.SPI1_IRQHandler
                0x0800128c       0x2c ./Core/Src/stm32c0xx_it.o
                0x0800128c                SPI1_IRQHandler
 .text.LL_EXTI_EnableIT_0_31
                0x080012b8       0x24 ./Core/Src/system.o
 .text.LL_EXTI_DisableIT_0_31
                0x080012dc       0x28 ./Core/Src/system.o
 .text.LL_EXTI_ClearFallingFlag_0_31
                0x08001304       0x1c ./Core/Src/system.o
 .text.LL_SPI_Enable
                0x08001320       0x1c ./Core/Src/system.o
 .text.LL_SPI_ReceiveData8
                0x0800133c       0x18 ./Core/Src/system.o
 .text.LL_TIM_EnableCounter
                0x08001354       0x1c ./Core/Src/system.o
 .text.LL_TIM_DisableCounter
                0x08001370       0x1e ./Core/Src/system.o
 .text.LL_TIM_CC_EnableChannel
                0x0800138e       0x1e ./Core/Src/system.o
 .text.LL_TIM_EnableAllOutputs
                0x080013ac       0x1e ./Core/Src/system.o
 .text.LL_TIM_ClearFlag_UPDATE
                0x080013ca       0x18 ./Core/Src/system.o
 .text.LL_TIM_EnableIT_UPDATE
                0x080013e2       0x1c ./Core/Src/system.o
 .text.LL_GPIO_IsInputPinSet
                0x080013fe       0x26 ./Core/Src/system.o
 .text.LL_GPIO_SetOutputPin
                0x08001424       0x18 ./Core/Src/system.o
 .text.LL_GPIO_ResetOutputPin
                0x0800143c       0x18 ./Core/Src/system.o
 .text.SystemBoot
                0x08001454       0xa4 ./Core/Src/system.o
                0x08001454                SystemBoot
 .text.BlinkLED
                0x080014f8       0x80 ./Core/Src/system.o
                0x080014f8                BlinkLED
 .text.PlayFile
                0x08001578       0xdc ./Core/Src/system.o
                0x08001578                PlayFile
 .text.TimerRoutine
                0x08001654       0x64 ./Core/Src/system.o
                0x08001654                TimerRoutine
 .text.selectFileToPlay
                0x080016b8       0x74 ./Core/Src/system.o
                0x080016b8                selectFileToPlay
 .text.mainSM   0x0800172c       0xc0 ./Core/Src/system.o
                0x0800172c                mainSM
 .text.goIdle   0x080017ec       0x3c ./Core/Src/system.o
                0x080017ec                goIdle
 .text.SystemInit
                0x08001828       0x18 ./Core/Src/system_stm32c0xx.o
                0x08001828                SystemInit
 .text.__NVIC_EnableIRQ
                0x08001840       0x34 ./Core/Src/tim.o
 .text.__NVIC_SetPriority
                0x08001874       0xdc ./Core/Src/tim.o
 .text.LL_APB1_GRP2_EnableClock
                0x08001950       0x2c ./Core/Src/tim.o
 .text.LL_IOP_GRP1_EnableClock
                0x0800197c       0x2c ./Core/Src/tim.o
 .text.LL_TIM_DisableARRPreload
                0x080019a8       0x1e ./Core/Src/tim.o
 *fill*         0x080019c6        0x2 
 .text.LL_TIM_OC_DisableFast
                0x080019c8       0xb0 ./Core/Src/tim.o
 .text.LL_TIM_OC_EnablePreload
                0x08001a78       0xac ./Core/Src/tim.o
 .text.LL_TIM_SetClockSource
                0x08001b24       0x28 ./Core/Src/tim.o
 .text.LL_TIM_SetTriggerOutput
                0x08001b4c       0x24 ./Core/Src/tim.o
 .text.LL_TIM_SetTriggerOutput2
                0x08001b70       0x28 ./Core/Src/tim.o
 .text.LL_TIM_DisableMasterSlaveMode
                0x08001b98       0x1e ./Core/Src/tim.o
 *fill*         0x08001bb6        0x2 
 .text.MX_TIM1_Init
                0x08001bb8      0x1c8 ./Core/Src/tim.o
                0x08001bb8                MX_TIM1_Init
 .text.Reset_Handler
                0x08001d80       0x50 ./Core/Startup/startup_stm32c011f4px.o
                0x08001d80                Reset_Handler
 .text.Default_Handler
                0x08001dd0        0x2 ./Core/Startup/startup_stm32c011f4px.o
                0x08001dd0                I2C1_IRQHandler
                0x08001dd0                DMAMUX1_IRQHandler
                0x08001dd0                EXTI2_3_IRQHandler
                0x08001dd0                ADC1_IRQHandler
                0x08001dd0                TIM17_IRQHandler
                0x08001dd0                RTC_IRQHandler
                0x08001dd0                TIM16_IRQHandler
                0x08001dd0                TIM3_IRQHandler
                0x08001dd0                RCC_IRQHandler
                0x08001dd0                DMA1_Channel1_IRQHandler
                0x08001dd0                Default_Handler
                0x08001dd0                TIM14_IRQHandler
                0x08001dd0                EXTI0_1_IRQHandler
                0x08001dd0                WWDG_IRQHandler
                0x08001dd0                DMA1_Channel2_3_IRQHandler
                0x08001dd0                USART2_IRQHandler
                0x08001dd0                FLASH_IRQHandler
                0x08001dd0                USART1_IRQHandler
 *fill*         0x08001dd2        0x2 
 .text.LL_EXTI_EnableIT_0_31
                0x08001dd4       0x24 ./Drivers/STM32C0xx_HAL_Driver/Src/stm32c0xx_ll_exti.o
 .text.LL_EXTI_DisableIT_0_31
                0x08001df8       0x28 ./Drivers/STM32C0xx_HAL_Driver/Src/stm32c0xx_ll_exti.o
 .text.LL_EXTI_EnableEvent_0_31
                0x08001e20       0x24 ./Drivers/STM32C0xx_HAL_Driver/Src/stm32c0xx_ll_exti.o
 .text.LL_EXTI_DisableEvent_0_31
                0x08001e44       0x28 ./Drivers/STM32C0xx_HAL_Driver/Src/stm32c0xx_ll_exti.o
 .text.LL_EXTI_EnableRisingTrig_0_31
                0x08001e6c       0x20 ./Drivers/STM32C0xx_HAL_Driver/Src/stm32c0xx_ll_exti.o
 .text.LL_EXTI_DisableRisingTrig_0_31
                0x08001e8c       0x24 ./Drivers/STM32C0xx_HAL_Driver/Src/stm32c0xx_ll_exti.o
 .text.LL_EXTI_EnableFallingTrig_0_31
                0x08001eb0       0x20 ./Drivers/STM32C0xx_HAL_Driver/Src/stm32c0xx_ll_exti.o
 .text.LL_EXTI_DisableFallingTrig_0_31
                0x08001ed0       0x24 ./Drivers/STM32C0xx_HAL_Driver/Src/stm32c0xx_ll_exti.o
 .text.LL_EXTI_Init
                0x08001ef4      0x10e ./Drivers/STM32C0xx_HAL_Driver/Src/stm32c0xx_ll_exti.o
                0x08001ef4                LL_EXTI_Init
 .text.LL_GPIO_SetPinMode
                0x08002002       0x38 ./Drivers/STM32C0xx_HAL_Driver/Src/stm32c0xx_ll_gpio.o
 .text.LL_GPIO_SetPinOutputType
                0x0800203a       0x2a ./Drivers/STM32C0xx_HAL_Driver/Src/stm32c0xx_ll_gpio.o
 .text.LL_GPIO_SetPinSpeed
                0x08002064       0x38 ./Drivers/STM32C0xx_HAL_Driver/Src/stm32c0xx_ll_gpio.o
 .text.LL_GPIO_SetPinPull
                0x0800209c       0x38 ./Drivers/STM32C0xx_HAL_Driver/Src/stm32c0xx_ll_gpio.o
 .text.LL_GPIO_SetAFPin_0_7
                0x080020d4       0x46 ./Drivers/STM32C0xx_HAL_Driver/Src/stm32c0xx_ll_gpio.o
 .text.LL_GPIO_SetAFPin_8_15
                0x0800211a       0x5a ./Drivers/STM32C0xx_HAL_Driver/Src/stm32c0xx_ll_gpio.o
 .text.LL_GPIO_Init
                0x08002174       0xb6 ./Drivers/STM32C0xx_HAL_Driver/Src/stm32c0xx_ll_gpio.o
                0x08002174                LL_GPIO_Init
 .text.LL_SPI_IsEnabled
                0x0800222a       0x22 ./Drivers/STM32C0xx_HAL_Driver/Src/stm32c0xx_ll_spi.o
 .text.LL_SPI_SetRxFIFOThreshold
                0x0800224c       0x28 ./Drivers/STM32C0xx_HAL_Driver/Src/stm32c0xx_ll_spi.o
 .text.LL_SPI_SetCRCPolynomial
                0x08002274       0x1c ./Drivers/STM32C0xx_HAL_Driver/Src/stm32c0xx_ll_spi.o
 .text.LL_SPI_Init
                0x08002290       0xd8 ./Drivers/STM32C0xx_HAL_Driver/Src/stm32c0xx_ll_spi.o
                0x08002290                LL_SPI_Init
 .text.LL_TIM_SetPrescaler
                0x08002368       0x18 ./Drivers/STM32C0xx_HAL_Driver/Src/stm32c0xx_ll_tim.o
 .text.LL_TIM_SetAutoReload
                0x08002380       0x18 ./Drivers/STM32C0xx_HAL_Driver/Src/stm32c0xx_ll_tim.o
 .text.LL_TIM_SetRepetitionCounter
                0x08002398       0x18 ./Drivers/STM32C0xx_HAL_Driver/Src/stm32c0xx_ll_tim.o
 .text.LL_TIM_OC_SetCompareCH1
                0x080023b0       0x18 ./Drivers/STM32C0xx_HAL_Driver/Src/stm32c0xx_ll_tim.o
 .text.LL_TIM_OC_SetCompareCH2
                0x080023c8       0x18 ./Drivers/STM32C0xx_HAL_Driver/Src/stm32c0xx_ll_tim.o
 .text.LL_TIM_OC_SetCompareCH3
                0x080023e0       0x18 ./Drivers/STM32C0xx_HAL_Driver/Src/stm32c0xx_ll_tim.o
 .text.LL_TIM_OC_SetCompareCH4
                0x080023f8       0x18 ./Drivers/STM32C0xx_HAL_Driver/Src/stm32c0xx_ll_tim.o
 .text.LL_TIM_OC_SetCompareCH5
                0x08002410       0x22 ./Drivers/STM32C0xx_HAL_Driver/Src/stm32c0xx_ll_tim.o
 .text.LL_TIM_OC_SetCompareCH6
                0x08002432       0x18 ./Drivers/STM32C0xx_HAL_Driver/Src/stm32c0xx_ll_tim.o
 .text.LL_TIM_GenerateEvent_UPDATE
                0x0800244a       0x1c ./Drivers/STM32C0xx_HAL_Driver/Src/stm32c0xx_ll_tim.o
 *fill*         0x08002466        0x2 
 .text.LL_TIM_Init
                0x08002468       0xdc ./Drivers/STM32C0xx_HAL_Driver/Src/stm32c0xx_ll_tim.o
                0x08002468                LL_TIM_Init
 .text.LL_TIM_OC_Init
                0x08002544      0x106 ./Drivers/STM32C0xx_HAL_Driver/Src/stm32c0xx_ll_tim.o
                0x08002544                LL_TIM_OC_Init
 *fill*         0x0800264a        0x2 
 .text.LL_TIM_BDTR_Init
                0x0800264c      0x110 ./Drivers/STM32C0xx_HAL_Driver/Src/stm32c0xx_ll_tim.o
                0x0800264c                LL_TIM_BDTR_Init
 .text.OC1Config
                0x0800275c       0xfc ./Drivers/STM32C0xx_HAL_Driver/Src/stm32c0xx_ll_tim.o
 .text.OC2Config
                0x08002858      0x108 ./Drivers/STM32C0xx_HAL_Driver/Src/stm32c0xx_ll_tim.o
 .text.OC3Config
                0x08002960      0x108 ./Drivers/STM32C0xx_HAL_Driver/Src/stm32c0xx_ll_tim.o
 .text.OC4Config
                0x08002a68       0xd4 ./Drivers/STM32C0xx_HAL_Driver/Src/stm32c0xx_ll_tim.o
 .text.OC5Config
                0x08002b3c       0xb8 ./Drivers/STM32C0xx_HAL_Driver/Src/stm32c0xx_ll_tim.o
 .text.OC6Config
                0x08002bf4       0xc0 ./Drivers/STM32C0xx_HAL_Driver/Src/stm32c0xx_ll_tim.o
 .text.LL_InitTick
                0x08002cb4       0x34 ./Drivers/STM32C0xx_HAL_Driver/Src/stm32c0xx_ll_utils.o
 .text.LL_Init1msTick
                0x08002ce8       0x1e ./Drivers/STM32C0xx_HAL_Driver/Src/stm32c0xx_ll_utils.o
                0x08002ce8                LL_Init1msTick
 *fill*         0x08002d06        0x2 
 .text.LL_SetSystemCoreClock
                0x08002d08       0x1c ./Drivers/STM32C0xx_HAL_Driver/Src/stm32c0xx_ll_utils.o
                0x08002d08                LL_SetSystemCoreClock
 .text.memset   0x08002d24       0x10 C:/ST/STM32CubeIDE_1.19.0/STM32CubeIDE/plugins/com.st.stm32cube.ide.mcu.externaltools.gnu-tools-for-stm32.13.3.rel1.win32_1.0.100.202509120712/tools/bin/../lib/gcc/arm-none-eabi/13.3.1/../../../../arm-none-eabi/lib/thumb/v6-m/nofp\libc_nano.a(libc_a-memset.o)
                0x08002d24                memset
 .text.__libc_init_array
                0x08002d34       0x48 C:/ST/STM32CubeIDE_1.19.0/STM32CubeIDE/plugins/com.st.stm32cube.ide.mcu.externaltools.gnu-tools-for-stm32.13.3.rel1.win32_1.0.100.202509120712/tools/bin/../lib/gcc/arm-none-eabi/13.3.1/../../../../arm-none-eabi/lib/thumb/v6-m/nofp\libc_nano.a(libc_a-init.o)
                0x08002d34                __libc_init_array
 *(.glue_7)
 .glue_7        0x08002d7c        0x0 linker stubs
 *(.glue_7t)
 .glue_7t       0x08002d7c        0x0 linker stubs
 *(.eh_frame)
 .eh_frame      0x08002d7c        0x0 C:/ST/STM32CubeIDE_1.19.0/STM32CubeIDE/plugins/com.st.stm32cube.ide.mcu.externaltools.gnu-tools-for-stm32.13.3.rel1.win32_1.0.100.202509120712/tools/bin/../lib/gcc/arm-none-eabi/13.3.1/thumb/v6-m/nofp/crtbegin.o
 *(.init)
 .init          0x08002d7c        0x4 C:/ST/STM32CubeIDE_1.19.0/STM32CubeIDE/plugins/com.st.stm32cube.ide.mcu.externaltools.gnu-tools-for-stm32.13.3.rel1.win32_1.0.100.202509120712/tools/bin/../lib/gcc/arm-none-eabi/13.3.1/thumb/v6-m/nofp/crti.o
                0x08002d7c                _init
 .init          0x08002d80        0x8 C:/ST/STM32CubeIDE_1.19.0/STM32CubeIDE/plugins/com.st.stm32cube.ide.mcu.externaltools.gnu-tools-for-stm32.13.3.rel1.win32_1.0.100.202509120712/tools/bin/../lib/gcc/arm-none-eabi/13.3.1/thumb/v6-m/nofp/crtn.o
 *(.fini)
 .fini          0x08002d88        0x4 C:/ST/STM32CubeIDE_1.19.0/STM32CubeIDE/plugins/com.st.stm32cube.ide.mcu.externaltools.gnu-tools-for-stm32.13.3.rel1.win32_1.0.100.202509120712/tools/bin/../lib/gcc/arm-none-eabi/13.3.1/thumb/v6-m/nofp/crti.o
                0x08002d88                _fini
 .fini          0x08002d8c        0x8 C:/ST/STM32CubeIDE_1.19.0/STM32CubeIDE/plugins/com.st.stm32cube.ide.mcu.externaltools.gnu-tools-for-stm32.13.3.rel1.win32_1.0.100.202509120712/tools/bin/../lib/gcc/arm-none-eabi/13.3.1/thumb/v6-m/nofp/crtn.o
                0x08002d94                        . = ALIGN (0x4)
                0x08002d94                        _etext = .

.vfp11_veneer   0x08002d94        0x0
 .vfp11_veneer  0x08002d94        0x0 linker stubs

.v4_bx          0x08002d94        0x0
 .v4_bx         0x08002d94        0x0 linker stubs

.iplt           0x08002d94        0x0
 .iplt          0x08002d94        0x0 C:/ST/STM32CubeIDE_1.19.0/STM32CubeIDE/plugins/com.st.stm32cube.ide.mcu.externaltools.gnu-tools-for-stm32.13.3.rel1.win32_1.0.100.202509120712/tools/bin/../lib/gcc/arm-none-eabi/13.3.1/thumb/v6-m/nofp/crtbegin.o

.rodata         0x08002d94       0x18
                0x08002d94                        . = ALIGN (0x4)
 *(.rodata)
 *(.rodata*)
 .rodata.OFFSET_TAB_CCMRx
                0x08002d94        0x9 ./Core/Src/tim.o
 *fill*         0x08002d9d        0x3 
 .rodata.SHIFT_TAB_OCxx
                0x08002da0        0x9 ./Core/Src/tim.o
                0x08002dac                        . = ALIGN (0x4)
 *fill*         0x08002da9        0x3 

.ARM.extab      0x08002dac        0x0
                0x08002dac                        . = ALIGN (0x4)
 *(.ARM.extab* .gnu.linkonce.armextab.*)
                0x08002dac                        . = ALIGN (0x4)

.ARM            0x08002dac        0x0
                0x08002dac                        . = ALIGN (0x4)
                0x08002dac                        __exidx_start = .
 *(.ARM.exidx*)
                0x08002dac                        __exidx_end = .
                0x08002dac                        . = ALIGN (0x4)

.preinit_array  0x08002dac        0x0
                0x08002dac                        . = ALIGN (0x4)
                0x08002dac                        PROVIDE (__preinit_array_start = .)
 *(.preinit_array*)
                0x08002dac                        PROVIDE (__preinit_array_end = .)
                0x08002dac                        . = ALIGN (0x4)

.init_array     0x08002dac        0x4
                0x08002dac                        . = ALIGN (0x4)
                0x08002dac                        PROVIDE (__init_array_start = .)
 *(SORT_BY_NAME(.init_array.*))
 *(.init_array*)
 .init_array    0x08002dac        0x4 C:/ST/STM32CubeIDE_1.19.0/STM32CubeIDE/plugins/com.st.stm32cube.ide.mcu.externaltools.gnu-tools-for-stm32.13.3.rel1.win32_1.0.100.202509120712/tools/bin/../lib/gcc/arm-none-eabi/13.3.1/thumb/v6-m/nofp/crtbegin.o
                0x08002db0                        PROVIDE (__init_array_end = .)
                0x08002db0                        . = ALIGN (0x4)

.fini_array     0x08002db0        0x4
                0x08002db0                        . = ALIGN (0x4)
                [!provide]                        PROVIDE (__fini_array_start = .)
 *(SORT_BY_NAME(.fini_array.*))
 *(.fini_array*)
 .fini_array    0x08002db0        0x4 C:/ST/STM32CubeIDE_1.19.0/STM32CubeIDE/plugins/com.st.stm32cube.ide.mcu.externaltools.gnu-tools-for-stm32.13.3.rel1.win32_1.0.100.202509120712/tools/bin/../lib/gcc/arm-none-eabi/13.3.1/thumb/v6-m/nofp/crtbegin.o
                [!provide]                        PROVIDE (__fini_array_end = .)
                0x08002db4                        . = ALIGN (0x4)
                0x08002db4                        _sidata = LOADADDR (.data)

.rel.dyn        0x08002db4        0x0
 .rel.iplt      0x08002db4        0x0 C:/ST/STM32CubeIDE_1.19.0/STM32CubeIDE/plugins/com.st.stm32cube.ide.mcu.externaltools.gnu-tools-for-stm32.13.3.rel1.win32_1.0.100.202509120712/tools/bin/../lib/gcc/arm-none-eabi/13.3.1/thumb/v6-m/nofp/crtbegin.o

.data           0x20000000       0x20 load address 0x08002db4
                0x20000000                        . = ALIGN (0x4)
                0x20000000                        _sdata = .
 *(.data)
 *(.data*)
 .data.BOOTFile
                0x20000000        0x8 ./Core/Src/system.o
 .data.CLICKFile
                0x20000008        0x8 ./Core/Src/system.o
 .data.SHOOTFile
                0x20000010        0x8 ./Core/Src/system.o
 .data.sampleRequest_Flag
                0x20000018        0x1 ./Core/Src/system.o
                0x20000018                sampleRequest_Flag
 *fill*         0x20000019        0x3 
 .data.SystemCoreClock
                0x2000001c        0x4 ./Core/Src/system_stm32c0xx.o
                0x2000001c                SystemCoreClock
 *(.RamFunc)
 *(.RamFunc*)
                0x20000020                        . = ALIGN (0x4)
                0x20000020                        _edata = .

.igot.plt       0x20000020        0x0 load address 0x08002dd4
 .igot.plt      0x20000020        0x0 C:/ST/STM32CubeIDE_1.19.0/STM32CubeIDE/plugins/com.st.stm32cube.ide.mcu.externaltools.gnu-tools-for-stm32.13.3.rel1.win32_1.0.100.202509120712/tools/bin/../lib/gcc/arm-none-eabi/13.3.1/thumb/v6-m/nofp/crtbegin.o
                0x20000020                        . = ALIGN (0x4)

.bss            0x20000020      0x840 load address 0x08002dd4
                0x20000020                        _sbss = .
                0x20000020                        __bss_start__ = _sbss
 *(.bss)
 .bss           0x20000020       0x1c C:/ST/STM32CubeIDE_1.19.0/STM32CubeIDE/plugins/com.st.stm32cube.ide.mcu.externaltools.gnu-tools-for-stm32.13.3.rel1.win32_1.0.100.202509120712/tools/bin/../lib/gcc/arm-none-eabi/13.3.1/thumb/v6-m/nofp/crtbegin.o
 *(.bss*)
 .bss.buffer1   0x2000003c      0x406 ./Core/Src/doublebuffer.o
 *fill*         0x20000442        0x2 
 .bss.buffer2   0x20000444      0x406 ./Core/Src/doublebuffer.o
 *fill*         0x2000084a        0x2 
 .bss.rxLeft    0x2000084c        0x4 ./Core/Src/spi_project.o
 .bss.currentAddr
                0x20000850        0x4 ./Core/Src/system.o
                0x20000850                currentAddr
 .bss.currentFileAddr
                0x20000854        0x4 ./Core/Src/system.o
                0x20000854                currentFileAddr
 .bss.currentFileLength
                0x20000858        0x4 ./Core/Src/system.o
                0x20000858                currentFileLength
 .bss.filePlayed
                0x2000085c        0x1 ./Core/Src/system.o
                0x2000085c                filePlayed
 .bss.PWM_repetition
                0x2000085d        0x1 ./Core/Src/system.o
                0x2000085d                PWM_repetition
 .bss.dataToPlay
                0x2000085e        0x1 ./Core/Src/system.o
                0x2000085e                dataToPlay
 .bss.dataQueue
                0x2000085f        0x1 ./Core/Src/system.o
                0x2000085f                dataQueue
 *(COMMON)
                0x20000860                        . = ALIGN (0x4)
                0x20000860                        _ebss = .
                0x20000860                        __bss_end__ = _ebss

._user_heap_stack
                0x20000860      0x600 load address 0x08002dd4
                0x20000860                        . = ALIGN (0x8)
                [!provide]                        PROVIDE (end = .)
                0x20000860                        PROVIDE (_end = .)
                0x20000a60                        . = (. + _Min_Heap_Size)
 *fill*         0x20000860      0x200 
                0x20000e60                        . = (. + _Min_Stack_Size)
 *fill*         0x20000a60      0x400 
                0x20000e60                        . = ALIGN (0x8)

/DISCARD/
 libc.a(*)
 libm.a(*)
 libgcc.a(*)

.ARM.attributes
                0x00000000       0x28
 *(.ARM.attributes)
 .ARM.attributes
                0x00000000       0x1e C:/ST/STM32CubeIDE_1.19.0/STM32CubeIDE/plugins/com.st.stm32cube.ide.mcu.externaltools.gnu-tools-for-stm32.13.3.rel1.win32_1.0.100.202509120712/tools/bin/../lib/gcc/arm-none-eabi/13.3.1/thumb/v6-m/nofp/crti.o
 .ARM.attributes
                0x0000001e       0x2c C:/ST/STM32CubeIDE_1.19.0/STM32CubeIDE/plugins/com.st.stm32cube.ide.mcu.externaltools.gnu-tools-for-stm32.13.3.rel1.win32_1.0.100.202509120712/tools/bin/../lib/gcc/arm-none-eabi/13.3.1/thumb/v6-m/nofp/crtbegin.o
 .ARM.attributes
                0x0000004a       0x2c ./Core/Src/doublebuffer.o
 .ARM.attributes
                0x00000076       0x2c ./Core/Src/gpio.o
 .ARM.attributes
                0x000000a2       0x2c ./Core/Src/main.o
 .ARM.attributes
                0x000000ce       0x2c ./Core/Src/spi.o
 .ARM.attributes
                0x000000fa       0x2c ./Core/Src/spi_flash.o
 .ARM.attributes
                0x00000126       0x2c ./Core/Src/spi_project.o
 .ARM.attributes
                0x00000152       0x2c ./Core/Src/stm32c0xx_it.o
 .ARM.attributes
                0x0000017e       0x2c ./Core/Src/system.o
 .ARM.attributes
                0x000001aa       0x2c ./Core/Src/system_stm32c0xx.o
 .ARM.attributes
                0x000001d6       0x2c ./Core/Src/tim.o
 .ARM.attributes
                0x00000202       0x22 ./Core/Startup/startup_stm32c011f4px.o
 .ARM.attributes
                0x00000224       0x2c ./Drivers/STM32C0xx_HAL_Driver/Src/stm32c0xx_ll_exti.o
 .ARM.attributes
                0x00000250       0x2c ./Drivers/STM32C0xx_HAL_Driver/Src/stm32c0xx_ll_gpio.o
 .ARM.attributes
                0x0000027c       0x2c ./Drivers/STM32C0xx_HAL_Driver/Src/stm32c0xx_ll_spi.o
 .ARM.attributes
                0x000002a8       0x2c ./Drivers/STM32C0xx_HAL_Driver/Src/stm32c0xx_ll_tim.o
 .ARM.attributes
                0x000002d4       0x2c ./Drivers/STM32C0xx_HAL_Driver/Src/stm32c0xx_ll_utils.o
 .ARM.attributes
                0x00000300       0x2c C:/ST/STM32CubeIDE_1.19.0/STM32CubeIDE/plugins/com.st.stm32cube.ide.mcu.externaltools.gnu-tools-for-stm32.13.3.rel1.win32_1.0.100.202509120712/tools/bin/../lib/gcc/arm-none-eabi/13.3.1/../../../../arm-none-eabi/lib/thumb/v6-m/nofp\libc_nano.a(libc_a-memset.o)
 .ARM.attributes
                0x0000032c       0x2c C:/ST/STM32CubeIDE_1.19.0/STM32CubeIDE/plugins/com.st.stm32cube.ide.mcu.externaltools.gnu-tools-for-stm32.13.3.rel1.win32_1.0.100.202509120712/tools/bin/../lib/gcc/arm-none-eabi/13.3.1/../../../../arm-none-eabi/lib/thumb/v6-m/nofp\libc_nano.a(libc_a-init.o)
 .ARM.attributes
                0x00000358       0x1e C:/ST/STM32CubeIDE_1.19.0/STM32CubeIDE/plugins/com.st.stm32cube.ide.mcu.externaltools.gnu-tools-for-stm32.13.3.rel1.win32_1.0.100.202509120712/tools/bin/../lib/gcc/arm-none-eabi/13.3.1/thumb/v6-m/nofp\libgcc.a(_udivsi3.o)
 .ARM.attributes
                0x00000376       0x1e C:/ST/STM32CubeIDE_1.19.0/STM32CubeIDE/plugins/com.st.stm32cube.ide.mcu.externaltools.gnu-tools-for-stm32.13.3.rel1.win32_1.0.100.202509120712/tools/bin/../lib/gcc/arm-none-eabi/13.3.1/thumb/v6-m/nofp\libgcc.a(_dvmd_tls.o)
 .ARM.attributes
                0x00000394       0x1e C:/ST/STM32CubeIDE_1.19.0/STM32CubeIDE/plugins/com.st.stm32cube.ide.mcu.externaltools.gnu-tools-for-stm32.13.3.rel1.win32_1.0.100.202509120712/tools/bin/../lib/gcc/arm-none-eabi/13.3.1/thumb/v6-m/nofp/crtn.o
OUTPUT(UWU_AK.elf elf32-littlearm)
LOAD linker stubs
LOAD C:/ST/STM32CubeIDE_1.19.0/STM32CubeIDE/plugins/com.st.stm32cube.ide.mcu.externaltools.gnu-tools-for-stm32.13.3.rel1.win32_1.0.100.202509120712/tools/bin/../lib/gcc/arm-none-eabi/13.3.1/../../../../arm-none-eabi/lib/thumb/v6-m/nofp\libc.a
LOAD C:/ST/STM32CubeIDE_1.19.0/STM32CubeIDE/plugins/com.st.stm32cube.ide.mcu.externaltools.gnu-tools-for-stm32.13.3.rel1.win32_1.0.100.202509120712/tools/bin/../lib/gcc/arm-none-eabi/13.3.1/../../../../arm-none-eabi/lib/thumb/v6-m/nofp\libm.a
LOAD C:/ST/STM32CubeIDE_1.19.0/STM32CubeIDE/plugins/com.st.stm32cube.ide.mcu.externaltools.gnu-tools-for-stm32.13.3.rel1.win32_1.0.100.202509120712/tools/bin/../lib/gcc/arm-none-eabi/13.3.1/thumb/v6-m/nofp\libgcc.a

.debug_info     0x00000000     0x7712
 .debug_info    0x00000000      0x2a7 ./Core/Src/doublebuffer.o
 .debug_info    0x000002a7      0x99f ./Core/Src/gpio.o
 .debug_info    0x00000c46      0x93b ./Core/Src/main.o
 .debug_info    0x00001581      0x955 ./Core/Src/spi.o
 .debug_info    0x00001ed6      0xd23 ./Core/Src/spi_flash.o
 .debug_info    0x00002bf9      0x69d ./Core/Src/spi_project.o
 .debug_info    0x00003296      0x611 ./Core/Src/stm32c0xx_it.o
 .debug_info    0x000038a7      0x96b ./Core/Src/system.o
 .debug_info    0x00004212      0x36c ./Core/Src/system_stm32c0xx.o
 .debug_info    0x0000457e      0xce2 ./Core/Src/tim.o
 .debug_info    0x00005260       0x30 ./Core/Startup/startup_stm32c011f4px.o
 .debug_info    0x00005290      0x3e6 ./Drivers/STM32C0xx_HAL_Driver/Src/stm32c0xx_ll_exti.o
 .debug_info    0x00005676      0x596 ./Drivers/STM32C0xx_HAL_Driver/Src/stm32c0xx_ll_gpio.o
 .debug_info    0x00005c0c      0x703 ./Drivers/STM32C0xx_HAL_Driver/Src/stm32c0xx_ll_spi.o
 .debug_info    0x0000630f     0x10b3 ./Drivers/STM32C0xx_HAL_Driver/Src/stm32c0xx_ll_tim.o
 .debug_info    0x000073c2      0x350 ./Drivers/STM32C0xx_HAL_Driver/Src/stm32c0xx_ll_utils.o

.debug_abbrev   0x00000000     0x1c61
 .debug_abbrev  0x00000000      0x144 ./Core/Src/doublebuffer.o
 .debug_abbrev  0x00000144      0x1e2 ./Core/Src/gpio.o
 .debug_abbrev  0x00000326      0x272 ./Core/Src/main.o
 .debug_abbrev  0x00000598      0x1d4 ./Core/Src/spi.o
 .debug_abbrev  0x0000076c      0x2af ./Core/Src/spi_flash.o
 .debug_abbrev  0x00000a1b      0x21a ./Core/Src/spi_project.o
 .debug_abbrev  0x00000c35      0x1e6 ./Core/Src/stm32c0xx_it.o
 .debug_abbrev  0x00000e1b      0x20f ./Core/Src/system.o
 .debug_abbrev  0x0000102a      0x119 ./Core/Src/system_stm32c0xx.o
 .debug_abbrev  0x00001143      0x1d1 ./Core/Src/tim.o
 .debug_abbrev  0x00001314       0x24 ./Core/Startup/startup_stm32c011f4px.o
 .debug_abbrev  0x00001338      0x156 ./Drivers/STM32C0xx_HAL_Driver/Src/stm32c0xx_ll_exti.o
 .debug_abbrev  0x0000148e      0x1ae ./Drivers/STM32C0xx_HAL_Driver/Src/stm32c0xx_ll_gpio.o
 .debug_abbrev  0x0000163c      0x231 ./Drivers/STM32C0xx_HAL_Driver/Src/stm32c0xx_ll_spi.o
 .debug_abbrev  0x0000186d      0x20f ./Drivers/STM32C0xx_HAL_Driver/Src/stm32c0xx_ll_tim.o
 .debug_abbrev  0x00001a7c      0x1e5 ./Drivers/STM32C0xx_HAL_Driver/Src/stm32c0xx_ll_utils.o

.debug_aranges  0x00000000      0x860
 .debug_aranges
                0x00000000       0x40 ./Core/Src/doublebuffer.o
 .debug_aranges
                0x00000040       0x58 ./Core/Src/gpio.o
 .debug_aranges
                0x00000098       0x98 ./Core/Src/main.o
 .debug_aranges
                0x00000130       0x60 ./Core/Src/spi.o
 .debug_aranges
                0x00000190      0x110 ./Core/Src/spi_flash.o
 .debug_aranges
                0x000002a0       0xb0 ./Core/Src/spi_project.o
 .debug_aranges
                0x00000350       0x90 ./Core/Src/stm32c0xx_it.o
 .debug_aranges
                0x000003e0       0xc0 ./Core/Src/system.o
 .debug_aranges
                0x000004a0       0x28 ./Core/Src/system_stm32c0xx.o
 .debug_aranges
                0x000004c8       0x78 ./Core/Src/tim.o
 .debug_aranges
                0x00000540       0x28 ./Core/Startup/startup_stm32c011f4px.o
 .debug_aranges
                0x00000568       0x70 ./Drivers/STM32C0xx_HAL_Driver/Src/stm32c0xx_ll_exti.o
 .debug_aranges
                0x000005d8       0x70 ./Drivers/STM32C0xx_HAL_Driver/Src/stm32c0xx_ll_gpio.o
 .debug_aranges
                0x00000648       0x80 ./Drivers/STM32C0xx_HAL_Driver/Src/stm32c0xx_ll_spi.o
 .debug_aranges
                0x000006c8      0x148 ./Drivers/STM32C0xx_HAL_Driver/Src/stm32c0xx_ll_tim.o
 .debug_aranges
                0x00000810       0x50 ./Drivers/STM32C0xx_HAL_Driver/Src/stm32c0xx_ll_utils.o

.debug_rnglists
                0x00000000      0x626
 .debug_rnglists
                0x00000000       0x2b ./Core/Src/doublebuffer.o
 .debug_rnglists
                0x0000002b       0x3f ./Core/Src/gpio.o
 .debug_rnglists
                0x0000006a       0x6e ./Core/Src/main.o
 .debug_rnglists
                0x000000d8       0x45 ./Core/Src/spi.o
 .debug_rnglists
                0x0000011d       0xd2 ./Core/Src/spi_flash.o
 .debug_rnglists
                0x000001ef       0x81 ./Core/Src/spi_project.o
 .debug_rnglists
                0x00000270       0x67 ./Core/Src/stm32c0xx_it.o
 .debug_rnglists
                0x000002d7       0x8f ./Core/Src/system.o
 .debug_rnglists
                0x00000366       0x1a ./Core/Src/system_stm32c0xx.o
 .debug_rnglists
                0x00000380       0x59 ./Core/Src/tim.o
 .debug_rnglists
                0x000003d9       0x19 ./Core/Startup/startup_stm32c011f4px.o
 .debug_rnglists
                0x000003f2       0x50 ./Drivers/STM32C0xx_HAL_Driver/Src/stm32c0xx_ll_exti.o
 .debug_rnglists
                0x00000442       0x51 ./Drivers/STM32C0xx_HAL_Driver/Src/stm32c0xx_ll_gpio.o
 .debug_rnglists
                0x00000493       0x5d ./Drivers/STM32C0xx_HAL_Driver/Src/stm32c0xx_ll_spi.o
 .debug_rnglists
                0x000004f0       0xfe ./Drivers/STM32C0xx_HAL_Driver/Src/stm32c0xx_ll_tim.o
 .debug_rnglists
                0x000005ee       0x38 ./Drivers/STM32C0xx_HAL_Driver/Src/stm32c0xx_ll_utils.o

.debug_macro    0x00000000     0xe95f
 .debug_macro   0x00000000      0x15e ./Core/Src/doublebuffer.o
 .debug_macro   0x0000015e      0xaf0 ./Core/Src/doublebuffer.o
 .debug_macro   0x00000c4e       0x2e ./Core/Src/doublebuffer.o
 .debug_macro   0x00000c7c       0x28 ./Core/Src/doublebuffer.o
 .debug_macro   0x00000ca4       0x22 ./Core/Src/doublebuffer.o
 .debug_macro   0x00000cc6       0x8e ./Core/Src/doublebuffer.o
 .debug_macro   0x00000d54       0x51 ./Core/Src/doublebuffer.o
 .debug_macro   0x00000da5      0x103 ./Core/Src/doublebuffer.o
 .debug_macro   0x00000ea8       0x6a ./Core/Src/doublebuffer.o
 .debug_macro   0x00000f12      0x1df ./Core/Src/doublebuffer.o
 .debug_macro   0x000010f1       0x1c ./Core/Src/doublebuffer.o
 .debug_macro   0x0000110d       0x22 ./Core/Src/doublebuffer.o
 .debug_macro   0x0000112f       0xd1 ./Core/Src/doublebuffer.o
 .debug_macro   0x00001200      0x4da ./Core/Src/doublebuffer.o
 .debug_macro   0x000016da      0x11f ./Core/Src/doublebuffer.o
 .debug_macro   0x000017f9     0x8f7d ./Core/Src/doublebuffer.o
 .debug_macro   0x0000a776       0x6d ./Core/Src/doublebuffer.o
 .debug_macro   0x0000a7e3      0x368 ./Core/Src/doublebuffer.o
 .debug_macro   0x0000ab4b      0x129 ./Core/Src/doublebuffer.o
 .debug_macro   0x0000ac74      0x19e ./Core/Src/doublebuffer.o
 .debug_macro   0x0000ae12      0x163 ./Core/Src/doublebuffer.o
 .debug_macro   0x0000af75      0x179 ./Core/Src/doublebuffer.o
 .debug_macro   0x0000b0ee       0x41 ./Core/Src/doublebuffer.o
 .debug_macro   0x0000b12f      0x14b ./Core/Src/doublebuffer.o
 .debug_macro   0x0000b27a      0x2e3 ./Core/Src/doublebuffer.o
 .debug_macro   0x0000b55d      0x185 ./Core/Src/doublebuffer.o
 .debug_macro   0x0000b6e2      0x2ea ./Core/Src/doublebuffer.o
 .debug_macro   0x0000b9cc      0x89c ./Core/Src/doublebuffer.o
 .debug_macro   0x0000c268      0x166 ./Core/Src/doublebuffer.o
 .debug_macro   0x0000c3ce       0x82 ./Core/Src/doublebuffer.o
 .debug_macro   0x0000c450      0x154 ./Core/Src/gpio.o
 .debug_macro   0x0000c5a4      0x184 ./Core/Src/main.o
 .debug_macro   0x0000c728       0x7c ./Core/Src/main.o
 .debug_macro   0x0000c7a4       0x3a ./Core/Src/main.o
 .debug_macro   0x0000c7de      0x154 ./Core/Src/spi.o
 .debug_macro   0x0000c932      0x184 ./Core/Src/spi_flash.o
 .debug_macro   0x0000cab6       0x76 ./Core/Src/spi_flash.o
 .debug_macro   0x0000cb2c      0x166 ./Core/Src/spi_project.o
 .debug_macro   0x0000cc92       0x10 ./Core/Src/spi_project.o
 .debug_macro   0x0000cca2      0x167 ./Core/Src/stm32c0xx_it.o
 .debug_macro   0x0000ce09      0x179 ./Core/Src/system.o
 .debug_macro   0x0000cf82       0xc9 ./Core/Src/system_stm32c0xx.o
 .debug_macro   0x0000d04b      0x154 ./Core/Src/tim.o
 .debug_macro   0x0000d19f       0xea ./Drivers/STM32C0xx_HAL_Driver/Src/stm32c0xx_ll_exti.o
 .debug_macro   0x0000d289      0x15d ./Drivers/STM32C0xx_HAL_Driver/Src/stm32c0xx_ll_exti.o
 .debug_macro   0x0000d3e6      0x105 ./Drivers/STM32C0xx_HAL_Driver/Src/stm32c0xx_ll_gpio.o
 .debug_macro   0x0000d4eb      0x160 ./Drivers/STM32C0xx_HAL_Driver/Src/stm32c0xx_ll_gpio.o
 .debug_macro   0x0000d64b      0x172 ./Drivers/STM32C0xx_HAL_Driver/Src/stm32c0xx_ll_spi.o
 .debug_macro   0x0000d7bd      0x2e4 ./Drivers/STM32C0xx_HAL_Driver/Src/stm32c0xx_ll_spi.o
 .debug_macro   0x0000daa1      0x36e ./Drivers/STM32C0xx_HAL_Driver/Src/stm32c0xx_ll_spi.o
 .debug_macro   0x0000de0f      0x17a ./Drivers/STM32C0xx_HAL_Driver/Src/stm32c0xx_ll_tim.o
 .debug_macro   0x0000df89      0x896 ./Drivers/STM32C0xx_HAL_Driver/Src/stm32c0xx_ll_tim.o
 .debug_macro   0x0000e81f      0x105 ./Drivers/STM32C0xx_HAL_Driver/Src/stm32c0xx_ll_utils.o
 .debug_macro   0x0000e924       0x3b ./Drivers/STM32C0xx_HAL_Driver/Src/stm32c0xx_ll_utils.o

.debug_line     0x00000000     0x7ea6
 .debug_line    0x00000000      0x714 ./Core/Src/doublebuffer.o
 .debug_line    0x00000714      0x7e6 ./Core/Src/gpio.o
 .debug_line    0x00000efa      0x8b8 ./Core/Src/main.o
 .debug_line    0x000017b2      0x7f7 ./Core/Src/spi.o
 .debug_line    0x00001fa9      0xd99 ./Core/Src/spi_flash.o
 .debug_line    0x00002d42      0x8f3 ./Core/Src/spi_project.o
 .debug_line    0x00003635      0x82b ./Core/Src/stm32c0xx_it.o
 .debug_line    0x00003e60      0x9d9 ./Core/Src/system.o
 .debug_line    0x00004839      0x553 ./Core/Src/system_stm32c0xx.o
 .debug_line    0x00004d8c      0x923 ./Core/Src/tim.o
 .debug_line    0x000056af       0x7d ./Core/Startup/startup_stm32c011f4px.o
 .debug_line    0x0000572c      0x696 ./Drivers/STM32C0xx_HAL_Driver/Src/stm32c0xx_ll_exti.o
 .debug_line    0x00005dc2      0x6d1 ./Drivers/STM32C0xx_HAL_Driver/Src/stm32c0xx_ll_gpio.o
 .debug_line    0x00006493      0x779 ./Drivers/STM32C0xx_HAL_Driver/Src/stm32c0xx_ll_spi.o
 .debug_line    0x00006c0c      0xc15 ./Drivers/STM32C0xx_HAL_Driver/Src/stm32c0xx_ll_tim.o
 .debug_line    0x00007821      0x685 ./Drivers/STM32C0xx_HAL_Driver/Src/stm32c0xx_ll_utils.o

.debug_str      0x00000000    0x4c177
 .debug_str     0x00000000    0x4c177 ./Core/Src/doublebuffer.o
                              0x477e8 (size before relaxing)
 .debug_str     0x0004c177        0x0 ./Core/Src/gpio.o
                              0x47bcb (size before relaxing)
 .debug_str     0x0004c177        0x0 ./Core/Src/main.o
                              0x47e2c (size before relaxing)
 .debug_str     0x0004c177        0x0 ./Core/Src/spi.o
                              0x47c0b (size before relaxing)
 .debug_str     0x0004c177        0x0 ./Core/Src/spi_flash.o
                              0x47d4f (size before relaxing)
 .debug_str     0x0004c177        0x0 ./Core/Src/spi_project.o
                              0x47b0b (size before relaxing)
 .debug_str     0x0004c177        0x0 ./Core/Src/stm32c0xx_it.o
                              0x47a8b (size before relaxing)
 .debug_str     0x0004c177        0x0 ./Core/Src/system.o
                              0x47ce1 (size before relaxing)
 .debug_str     0x0004c177        0x0 ./Core/Src/system_stm32c0xx.o
                              0x3abfc (size before relaxing)
 .debug_str     0x0004c177        0x0 ./Core/Src/tim.o
                              0x47e15 (size before relaxing)
 .debug_str     0x0004c177        0x0 ./Core/Startup/startup_stm32c011f4px.o
                                 0x7a (size before relaxing)
 .debug_str     0x0004c177        0x0 ./Drivers/STM32C0xx_HAL_Driver/Src/stm32c0xx_ll_exti.o
                              0x3b805 (size before relaxing)
 .debug_str     0x0004c177        0x0 ./Drivers/STM32C0xx_HAL_Driver/Src/stm32c0xx_ll_gpio.o
                              0x3c25a (size before relaxing)
 .debug_str     0x0004c177        0x0 ./Drivers/STM32C0xx_HAL_Driver/Src/stm32c0xx_ll_spi.o
                              0x3ee86 (size before relaxing)
 .debug_str     0x0004c177        0x0 ./Drivers/STM32C0xx_HAL_Driver/Src/stm32c0xx_ll_tim.o
                              0x41540 (size before relaxing)
 .debug_str     0x0004c177        0x0 ./Drivers/STM32C0xx_HAL_Driver/Src/stm32c0xx_ll_utils.o
                              0x3dd6d (size before relaxing)

.comment        0x00000000       0x86
 .comment       0x00000000       0x86 ./Core/Src/doublebuffer.o
                                 0x44 (size before relaxing)
 .comment       0x00000086        0x0 ./Core/Src/gpio.o
                                 0x44 (size before relaxing)
 .comment       0x00000086        0x0 ./Core/Src/main.o
                                 0x44 (size before relaxing)
 .comment       0x00000086        0x0 ./Core/Src/spi.o
                                 0x44 (size before relaxing)
 .comment       0x00000086        0x0 ./Core/Src/spi_flash.o
                                 0x44 (size before relaxing)
 .comment       0x00000086        0x0 ./Core/Src/spi_project.o
                                 0x44 (size before relaxing)
 .comment       0x00000086        0x0 ./Core/Src/stm32c0xx_it.o
                                 0x44 (size before relaxing)
 .comment       0x00000086        0x0 ./Core/Src/system.o
                                 0x44 (size before relaxing)
 .comment       0x00000086        0x0 ./Core/Src/system_stm32c0xx.o
                                 0x44 (size before relaxing)
 .comment       0x00000086        0x0 ./Core/Src/tim.o
                                 0x44 (size before relaxing)
 .comment       0x00000086        0x0 ./Drivers/STM32C0xx_HAL_Driver/Src/stm32c0xx_ll_exti.o
                                 0x44 (size before relaxing)
 .comment       0x00000086        0x0 ./Drivers/STM32C0xx_HAL_Driver/Src/stm32c0xx_ll_gpio.o
                                 0x44 (size before relaxing)
 .comment       0x00000086        0x0 ./Drivers/STM32C0xx_HAL_Driver/Src/stm32c0xx_ll_spi.o
                                 0x44 (size before relaxing)
 .comment       0x00000086        0x0 ./Drivers/STM32C0xx_HAL_Driver/Src/stm32c0xx_ll_tim.o
                                 0x44 (size before relaxing)
 .comment       0x00000086        0x0 ./Drivers/STM32C0xx_HAL_Driver/Src/stm32c0xx_ll_utils.o
                                 0x44 (size before relaxing)

.debug_frame    0x00000000     0x1c50
 .debug_frame   0x00000000       0xa8 ./Core/Src/doublebuffer.o
 .debug_frame   0x000000a8      0x110 ./Core/Src/gpio.o
 .debug_frame   0x000001b8      0x1f8 ./Core/Src/main.o
 .debug_frame   0x000003b0      0x130 ./Core/Src/spi.o
 .debug_frame   0x000004e0      0x404 ./Core/Src/spi_flash.o
 .debug_frame   0x000008e4      0x26c ./Core/Src/spi_project.o
 .debug_frame   0x00000b50      0x1cc ./Core/Src/stm32c0xx_it.o
 .debug_frame   0x00000d1c      0x2a0 ./Core/Src/system.o
 .debug_frame   0x00000fbc       0x4c ./Core/Src/system_stm32c0xx.o
 .debug_frame   0x00001008      0x194 ./Core/Src/tim.o
 .debug_frame   0x0000119c      0x16c ./Drivers/STM32C0xx_HAL_Driver/Src/stm32c0xx_ll_exti.o
 .debug_frame   0x00001308      0x170 ./Drivers/STM32C0xx_HAL_Driver/Src/stm32c0xx_ll_gpio.o
 .debug_frame   0x00001478      0x1b0 ./Drivers/STM32C0xx_HAL_Driver/Src/stm32c0xx_ll_spi.o
 .debug_frame   0x00001628      0x4d0 ./Drivers/STM32C0xx_HAL_Driver/Src/stm32c0xx_ll_tim.o
 .debug_frame   0x00001af8       0xec ./Drivers/STM32C0xx_HAL_Driver/Src/stm32c0xx_ll_utils.o
 .debug_frame   0x00001be4       0x20 C:/ST/STM32CubeIDE_1.19.0/STM32CubeIDE/plugins/com.st.stm32cube.ide.mcu.externaltools.gnu-tools-for-stm32.13.3.rel1.win32_1.0.100.202509120712/tools/bin/../lib/gcc/arm-none-eabi/13.3.1/../../../../arm-none-eabi/lib/thumb/v6-m/nofp\libc_nano.a(libc_a-memset.o)
 .debug_frame   0x00001c04       0x2c C:/ST/STM32CubeIDE_1.19.0/STM32CubeIDE/plugins/com.st.stm32cube.ide.mcu.externaltools.gnu-tools-for-stm32.13.3.rel1.win32_1.0.100.202509120712/tools/bin/../lib/gcc/arm-none-eabi/13.3.1/../../../../arm-none-eabi/lib/thumb/v6-m/nofp\libc_nano.a(libc_a-init.o)
 .debug_frame   0x00001c30       0x20 C:/ST/STM32CubeIDE_1.19.0/STM32CubeIDE/plugins/com.st.stm32cube.ide.mcu.externaltools.gnu-tools-for-stm32.13.3.rel1.win32_1.0.100.202509120712/tools/bin/../lib/gcc/arm-none-eabi/13.3.1/thumb/v6-m/nofp\libgcc.a(_udivsi3.o)

.debug_line_str
                0x00000000       0x5e
 .debug_line_str
                0x00000000       0x5e ./Core/Startup/startup_stm32c011f4px.o
