../Core/Src/doublebuffer.c:20:9:IsAnyBufferEmpty	8	static
../Core/Src/doublebuffer.c:27:6:GetEmptyBuffer	8	static
../Core/Src/doublebuffer.c:42:6:BufferAppend	24	static
../Core/Src/doublebuffer.c:50:6:BufferCommit	8	static
../Core/Src/doublebuffer.c:61:9:IsAnyBufferReady	8	static
../Core/Src/doublebuffer.c:68:6:GetReadyBuffer	8	static
../Core/Src/doublebuffer.c:83:9:BufferTake	24	static
../Core/Src/doublebuffer.c:107:6:ClearBuffers	8	static
../Core/Src/doublebuffer.c:120:9:AreAllBuffersEmpty	8	static
