../Drivers/STM32C0xx_HAL_Driver/Inc/stm32c0xx_ll_spi.h:358:22:LL_SPI_Enable	16	static
../Drivers/STM32C0xx_HAL_Driver/Inc/stm32c0xx_ll_spi.h:370:22:LL_SPI_Disable	16	static
../Drivers/STM32C0xx_HAL_Driver/Inc/stm32c0xx_ll_spi.h:905:26:LL_SPI_IsActiveFlag_RXNE	16	static
../Drivers/STM32C0xx_HAL_Driver/Inc/stm32c0xx_ll_spi.h:916:26:LL_SPI_IsActiveFlag_TXE	16	static
../Drivers/STM32C0xx_HAL_Driver/Inc/stm32c0xx_ll_spi.h:967:26:LL_SPI_IsActiveFlag_BSY	16	static
../Drivers/STM32C0xx_HAL_Driver/Inc/stm32c0xx_ll_spi.h:993:26:LL_SPI_GetRxFIFOLevel	16	static
../Drivers/STM32C0xx_HAL_Driver/Inc/stm32c0xx_ll_spi.h:1008:26:LL_SPI_GetTxFIFOLevel	16	static
../Drivers/STM32C0xx_HAL_Driver/Inc/stm32c0xx_ll_spi.h:1048:22:LL_SPI_ClearFlag_OVR	24	static
../Drivers/STM32C0xx_HAL_Driver/Inc/stm32c0xx_ll_spi.h:1097:22:LL_SPI_EnableIT_RXNE	16	static
../Drivers/STM32C0xx_HAL_Driver/Inc/stm32c0xx_ll_spi.h:1108:22:LL_SPI_EnableIT_TXE	16	static
../Drivers/STM32C0xx_HAL_Driver/Inc/stm32c0xx_ll_spi.h:1131:22:LL_SPI_DisableIT_RXNE	16	static
../Drivers/STM32C0xx_HAL_Driver/Inc/stm32c0xx_ll_spi.h:1142:22:LL_SPI_DisableIT_TXE	16	static
../Drivers/STM32C0xx_HAL_Driver/Inc/stm32c0xx_ll_spi.h:1164:26:LL_SPI_IsEnabledIT_RXNE	16	static
../Drivers/STM32C0xx_HAL_Driver/Inc/stm32c0xx_ll_spi.h:1175:26:LL_SPI_IsEnabledIT_TXE	16	static
../Drivers/STM32C0xx_HAL_Driver/Inc/stm32c0xx_ll_spi.h:1333:25:LL_SPI_ReceiveData8	16	static
../Drivers/STM32C0xx_HAL_Driver/Inc/stm32c0xx_ll_spi.h:1356:22:LL_SPI_TransmitData8	24	static
../Drivers/STM32C0xx_HAL_Driver/Inc/stm32c0xx_ll_gpio.h:887:22:LL_GPIO_SetOutputPin	16	static
../Drivers/STM32C0xx_HAL_Driver/Inc/stm32c0xx_ll_gpio.h:916:22:LL_GPIO_ResetOutputPin	16	static
../Core/Src/spi_flash.c:33:6:SPI_Transmit_Data8	32	static
../Core/Src/spi_flash.c:51:6:SPI_TransmitReceive_Data8	40	static
../Core/Src/spi_flash.c:67:6:SPI_Receive_Data8	40	static
../Core/Src/spi_flash.c:83:6:Read_Identification	32	static
../Core/Src/spi_flash.c:103:6:CheckIC	16	static
../Core/Src/spi_flash.c:119:6:Write_Enable	16	static
../Core/Src/spi_flash.c:135:6:Write_Disable	16	static
../Core/Src/spi_flash.c:149:9:Read_Status	16	static
../Core/Src/spi_flash.c:166:6:Wait_While_Busy	16	static
../Core/Src/spi_flash.c:183:6:Reset	16	static
../Core/Src/spi_flash.c:201:6:Read	40	static
../Core/Src/spi_flash.c:220:6:Fast_Read	48	static
../Core/Src/spi_flash.c:240:6:Sector_Erase	32	static
../Core/Src/spi_flash.c:264:10:BytesToWrite	16	static
../Core/Src/spi_flash.c:270:10:BytesToModify	16	static
../Core/Src/spi_flash.c:276:6:Write_Clean	352	static
../Core/Src/spi_flash.c:346:6:Write	4160	static
../Core/Src/spi_flash.c:378:9:Read_Byte	32	static
../Core/Src/spi_flash.c:400:6:Write_Byte	32	static
../Core/Src/spi_flash.c:433:6:Uint16ToBytes	24	static
../Core/Src/spi_flash.c:449:10:BytesToUint16	24	static
../Core/Src/spi_flash.c:464:6:Write_Uint16t	24	static
../Core/Src/spi_flash.c:475:10:Read_Uint16t	32	static
../Core/Src/spi_flash.c:482:6:Chip_Erase	16	static
../Core/Src/spi_flash.c:504:6:SPI_Transmit_Data_IT	16	static
../Core/Src/spi_flash.c:513:6:SPI_Read_Data_IT	16	static
../Core/Src/spi_flash.c:527:6:spi_it_transmit_callback	8	static
../Core/Src/spi_flash.c:563:6:spi_it_receive_callback	8	static
../Core/Src/spi_flash.c:596:6:SPI1_IRQHANDLER	8	static
../Core/Src/spi_flash.c:610:6:FAST_READ_IT	40	static
