../Drivers/STM32C0xx_HAL_Driver/Inc/stm32c0xx_ll_spi.h:905:26:LL_SPI_IsActiveFlag_RXNE	16	static
../Drivers/STM32C0xx_HAL_Driver/Inc/stm32c0xx_ll_spi.h:916:26:LL_SPI_IsActiveFlag_TXE	16	static
../Drivers/STM32C0xx_HAL_Driver/Inc/stm32c0xx_ll_spi.h:967:26:LL_SPI_IsActiveFlag_BSY	16	static
../Drivers/STM32C0xx_HAL_Driver/Inc/stm32c0xx_ll_spi.h:1333:25:LL_SPI_ReceiveData8	16	static
../Drivers/STM32C0xx_HAL_Driver/Inc/stm32c0xx_ll_spi.h:1356:22:LL_SPI_TransmitData8	24	static
../Drivers/STM32C0xx_HAL_Driver/Inc/stm32c0xx_ll_gpio.h:887:22:LL_GPIO_SetOutputPin	16	static
../Drivers/STM32C0xx_HAL_Driver/Inc/stm32c0xx_ll_gpio.h:916:22:LL_GPIO_ResetOutputPin	16	static
../Core/Src/spi_flash.c:29:6:SPI_Transmit_Data8	32	static
../Core/Src/spi_flash.c:47:6:SPI_TransmitReceive_Data8	40	static
../Core/Src/spi_flash.c:63:6:SPI_Receive_Data8	40	static
../Core/Src/spi_flash.c:79:6:Read_Identification	32	static
../Core/Src/spi_flash.c:99:6:CheckIC	16	static
../Core/Src/spi_flash.c:115:6:Write_Enable	16	static
../Core/Src/spi_flash.c:131:6:Write_Disable	16	static
../Core/Src/spi_flash.c:145:9:Read_Status	16	static
../Core/Src/spi_flash.c:162:6:Wait_While_Busy	16	static
../Core/Src/spi_flash.c:179:6:Reset	16	static
../Core/Src/spi_flash.c:197:6:Read	40	static
../Core/Src/spi_flash.c:216:6:Fast_Read	48	static
../Core/Src/spi_flash.c:236:6:Sector_Erase	32	static
../Core/Src/spi_flash.c:260:10:BytesToWrite	16	static
../Core/Src/spi_flash.c:266:10:BytesToModify	16	static
../Core/Src/spi_flash.c:272:6:Write_Clean	352	static
../Core/Src/spi_flash.c:342:6:Write	4160	static
../Core/Src/spi_flash.c:374:9:Read_Byte	32	static
../Core/Src/spi_flash.c:396:6:Write_Byte	32	static
../Core/Src/spi_flash.c:429:6:Uint16ToBytes	24	static
../Core/Src/spi_flash.c:445:10:BytesToUint16	24	static
../Core/Src/spi_flash.c:460:6:Write_Uint16t	24	static
../Core/Src/spi_flash.c:471:10:Read_Uint16t	32	static
../Core/Src/spi_flash.c:478:6:Chip_Erase	16	static
