../Drivers/STM32C0xx_HAL_Driver/Inc/stm32c0xx_ll_spi.h:358:22:LL_SPI_Enable	16	static
../Drivers/STM32C0xx_HAL_Driver/Inc/stm32c0xx_ll_spi.h:370:22:LL_SPI_Disable	16	static
../Drivers/STM32C0xx_HAL_Driver/Inc/stm32c0xx_ll_spi.h:905:26:LL_SPI_IsActiveFlag_RXNE	16	static
../Drivers/STM32C0xx_HAL_Driver/Inc/stm32c0xx_ll_spi.h:916:26:LL_SPI_IsActiveFlag_TXE	16	static
../Drivers/STM32C0xx_HAL_Driver/Inc/stm32c0xx_ll_spi.h:967:26:LL_SPI_IsActiveFlag_BSY	16	static
../Drivers/STM32C0xx_HAL_Driver/Inc/stm32c0xx_ll_spi.h:993:26:LL_SPI_GetRxFIFOLevel	16	static
../Drivers/STM32C0xx_HAL_Driver/Inc/stm32c0xx_ll_spi.h:1008:26:LL_SPI_GetTxFIFOLevel	16	static
../Drivers/STM32C0xx_HAL_Driver/Inc/stm32c0xx_ll_spi.h:1048:22:LL_SPI_ClearFlag_OVR	24	static
../Drivers/STM32C0xx_HAL_Driver/Inc/stm32c0xx_ll_spi.h:1097:22:LL_SPI_EnableIT_RXNE	16	static
../Drivers/STM32C0xx_HAL_Driver/Inc/stm32c0xx_ll_spi.h:1108:22:LL_SPI_EnableIT_TXE	16	static
../Drivers/STM32C0xx_HAL_Driver/Inc/stm32c0xx_ll_spi.h:1131:22:LL_SPI_DisableIT_RXNE	16	static
../Drivers/STM32C0xx_HAL_Driver/Inc/stm32c0xx_ll_spi.h:1142:22:LL_SPI_DisableIT_TXE	16	static
../Drivers/STM32C0xx_HAL_Driver/Inc/stm32c0xx_ll_spi.h:1164:26:LL_SPI_IsEnabledIT_RXNE	16	static
../Drivers/STM32C0xx_HAL_Driver/Inc/stm32c0xx_ll_spi.h:1175:26:LL_SPI_IsEnabledIT_TXE	16	static
../Drivers/STM32C0xx_HAL_Driver/Inc/stm32c0xx_ll_spi.h:1333:25:LL_SPI_ReceiveData8	16	static
../Drivers/STM32C0xx_HAL_Driver/Inc/stm32c0xx_ll_spi.h:1356:22:LL_SPI_TransmitData8	24	static
../Drivers/STM32C0xx_HAL_Driver/Inc/stm32c0xx_ll_gpio.h:887:22:LL_GPIO_SetOutputPin	16	static
../Drivers/STM32C0xx_HAL_Driver/Inc/stm32c0xx_ll_gpio.h:916:22:LL_GPIO_ResetOutputPin	16	static
../Core/Src/spi_project.c:16:6:SPI_Read_Data_IT	16	static
../Core/Src/spi_project.c:27:6:spi_it_receive_callback	8	static
../Core/Src/spi_project.c:60:6:spi_it_transmit_callback	8	static
../Core/Src/spi_project.c:85:6:SPI1_IRQHANDLER	8	static
../Core/Src/spi_project.c:99:6:FAST_READ_IT	32	static
