../Drivers/STM32C0xx_HAL_Driver/Inc/stm32c0xx_ll_exti.h:976:26:LL_EXTI_IsActiveFallingFlag_0_31	16	static
../Drivers/STM32C0xx_HAL_Driver/Inc/stm32c0xx_ll_exti.h:1074:22:LL_EXTI_ClearFallingFlag_0_31	16	static
../Drivers/STM32C0xx_HAL_Driver/Inc/stm32c0xx_ll_spi.h:905:26:LL_SPI_IsActiveFlag_RXNE	16	static
../Drivers/STM32C0xx_HAL_Driver/Inc/stm32c0xx_ll_spi.h:1164:26:LL_SPI_IsEnabledIT_RXNE	16	static
../Drivers/STM32C0xx_HAL_Driver/Inc/stm32c0xx_ll_tim.h:3955:22:LL_TIM_ClearFlag_UPDATE	16	static
../Drivers/STM32C0xx_HAL_Driver/Inc/stm32c0xx_ll_tim.h:3966:26:LL_TIM_IsActiveFlag_UPDATE	16	static
../Core/Src/stm32c0xx_it.c:71:6:NMI_Handler	8	static
../Core/Src/stm32c0xx_it.c:86:6:HardFault_Handler	8	static
../Core/Src/stm32c0xx_it.c:101:6:SVC_Handler	8	static
../Core/Src/stm32c0xx_it.c:114:6:PendSV_Handler	8	static
../Core/Src/stm32c0xx_it.c:127:6:SysTick_Handler	8	static
../Core/Src/stm32c0xx_it.c:148:6:EXTI4_15_IRQHandler	8	static
../Core/Src/stm32c0xx_it.c:175:6:TIM1_BRK_UP_TRG_COM_IRQHandler	8	static
../Core/Src/stm32c0xx_it.c:192:6:TIM1_CC_IRQHandler	8	static
../Core/Src/stm32c0xx_it.c:207:6:SPI1_IRQHandler	8	static
