../Drivers/STM32C0xx_HAL_Driver/Inc/stm32c0xx_ll_exti.h:265:22:LL_EXTI_EnableIT_0_31	16	static
../Drivers/STM32C0xx_HAL_Driver/Inc/stm32c0xx_ll_exti.h:319:22:LL_EXTI_DisableIT_0_31	16	static
../Drivers/STM32C0xx_HAL_Driver/Inc/stm32c0xx_ll_exti.h:1074:22:LL_EXTI_ClearFallingFlag_0_31	16	static
../Drivers/STM32C0xx_HAL_Driver/Inc/stm32c0xx_ll_spi.h:358:22:LL_SPI_Enable	16	static
../Drivers/STM32C0xx_HAL_Driver/Inc/stm32c0xx_ll_spi.h:1333:25:LL_SPI_ReceiveData8	16	static
../Drivers/STM32C0xx_HAL_Driver/Inc/stm32c0xx_ll_tim.h:1415:22:LL_TIM_EnableCounter	16	static
../Drivers/STM32C0xx_HAL_Driver/Inc/stm32c0xx_ll_tim.h:1426:22:LL_TIM_DisableCounter	16	static
../Drivers/STM32C0xx_HAL_Driver/Inc/stm32c0xx_ll_tim.h:1950:22:LL_TIM_CC_EnableChannel	16	static
../Drivers/STM32C0xx_HAL_Driver/Inc/stm32c0xx_ll_tim.h:3682:22:LL_TIM_EnableAllOutputs	16	static
../Drivers/STM32C0xx_HAL_Driver/Inc/stm32c0xx_ll_tim.h:3955:22:LL_TIM_ClearFlag_UPDATE	16	static
../Drivers/STM32C0xx_HAL_Driver/Inc/stm32c0xx_ll_tim.h:4318:22:LL_TIM_EnableIT_UPDATE	16	static
../Drivers/STM32C0xx_HAL_Driver/Inc/stm32c0xx_ll_gpio.h:806:26:LL_GPIO_IsInputPinSet	16	static
../Drivers/STM32C0xx_HAL_Driver/Inc/stm32c0xx_ll_gpio.h:887:22:LL_GPIO_SetOutputPin	16	static
../Drivers/STM32C0xx_HAL_Driver/Inc/stm32c0xx_ll_gpio.h:916:22:LL_GPIO_ResetOutputPin	16	static
../Core/Src/system.c:29:6:bufferAppend	16	static
../Core/Src/system.c:40:9:bufferTake	24	static
../Core/Src/system.c:57:6:SystemBoot	8	static
../Core/Src/system.c:93:6:BlinkLED	32	static
../Core/Src/system.c:104:6:PlayFile	16	static
../Core/Src/system.c:143:6:TimerRoutine	8	static
../Core/Src/system.c:157:6:selectFileToPlay	16	static
../Core/Src/system.c:179:6:mainSM	8	static
../Core/Src/system.c:207:6:goIdle	8	static
